../Core/Src/SD/fatfs_sd.c:20:13:SELECT	8	static
../Core/Src/SD/fatfs_sd.c:25:13:DESELECT	8	static
../Core/Src/SD/fatfs_sd.c:30:13:SPI_TxByte	16	static
../Core/Src/SD/fatfs_sd.c:35:13:SPI_TxBuffer	16	static
../Core/Src/SD/fatfs_sd.c:40:16:SPI_RxByte	24	static
../Core/Src/SD/fatfs_sd.c:47:13:SPI_RxBytePtr	16	static
../Core/Src/SD/fatfs_sd.c:55:16:SD_ReadyWait	16	static
../Core/Src/SD/fatfs_sd.c:64:13:SD_PowerOn	24	static
../Core/Src/SD/fatfs_sd.c:78:13:SD_PowerOff	4	static
../Core/Src/SD/fatfs_sd.c:82:16:SD_CheckPower	4	static
../Core/Src/SD/fatfs_sd.c:86:13:SD_RxDataBlock	24	static
../Core/Src/SD/fatfs_sd.c:101:13:SD_TxDataBlock	24	static
../Core/Src/SD/fatfs_sd.c:119:13:SD_SendCmd	24	static
../Core/Src/SD/fatfs_sd.c:140:9:fatfs_sd_initialize	32	static
../Core/Src/SD/fatfs_sd.c:179:9:fatfs_sd_status	16	static
../Core/Src/SD/fatfs_sd.c:183:9:fatfs_sd_read	24	static
../Core/Src/SD/fatfs_sd.c:205:9:fatfs_sd_write	24	static
../Core/Src/SD/fatfs_sd.c:232:9:fatfs_sd_ioctl	56	static
