../Core/Src/SSD1306/ssd1306.c:12:13:SSD1306_WriteCommand	32	static
../Core/Src/SSD1306/ssd1306.c:17:6:SSD1306_Init	8	static
../Core/Src/SSD1306/ssd1306.c:54:6:SSD1306_Fill	16	static
../Core/Src/SSD1306/ssd1306.c:58:6:SSD1306_Clear	8	static
../Core/Src/SSD1306/ssd1306.c:62:6:SSD1306_UpdateScreen	32	static
../Core/Src/SSD1306/ssd1306.c:74:6:SSD1306_DrawPixel	16	static
../Core/Src/SSD1306/ssd1306.c:83:6:SSD1306_SetCursor	16	static
../Core/Src/SSD1306/ssd1306.c:89:6:SSD1306_WriteChar	24	static
../Core/Src/SSD1306/ssd1306.c:103:6:SSD1306_WriteString	24	static
