Archive member included to satisfy reference by file (symbol)

C:/ST/STM32CubeIDE_1.19.0/STM32CubeIDE/plugins/com.st.stm32cube.ide.mcu.externaltools.gnu-tools-for-stm32.13.3.rel1.win32_1.0.0.202411081344/tools/bin/../lib/gcc/arm-none-eabi/13.3.1/../../../../arm-none-eabi/lib/thumb/v7e-m+fp/hard\libc_nano.a(libc_a-exit.o)
                              C:/ST/STM32CubeIDE_1.19.0/STM32CubeIDE/plugins/com.st.stm32cube.ide.mcu.externaltools.gnu-tools-for-stm32.13.3.rel1.win32_1.0.0.202411081344/tools/bin/../lib/gcc/arm-none-eabi/13.3.1/../../../../arm-none-eabi/lib/thumb/v7e-m+fp/hard/crt0.o (exit)
C:/ST/STM32CubeIDE_1.19.0/STM32CubeIDE/plugins/com.st.stm32cube.ide.mcu.externaltools.gnu-tools-for-stm32.13.3.rel1.win32_1.0.0.202411081344/tools/bin/../lib/gcc/arm-none-eabi/13.3.1/../../../../arm-none-eabi/lib/thumb/v7e-m+fp/hard\libc_nano.a(libc_a-malloc.o)
                              ./Core/Src/BME680/bme680_user.o (malloc)
C:/ST/STM32CubeIDE_1.19.0/STM32CubeIDE/plugins/com.st.stm32cube.ide.mcu.externaltools.gnu-tools-for-stm32.13.3.rel1.win32_1.0.0.202411081344/tools/bin/../lib/gcc/arm-none-eabi/13.3.1/../../../../arm-none-eabi/lib/thumb/v7e-m+fp/hard\libc_nano.a(libc_a-mallocr.o)
                              C:/ST/STM32CubeIDE_1.19.0/STM32CubeIDE/plugins/com.st.stm32cube.ide.mcu.externaltools.gnu-tools-for-stm32.13.3.rel1.win32_1.0.0.202411081344/tools/bin/../lib/gcc/arm-none-eabi/13.3.1/../../../../arm-none-eabi/lib/thumb/v7e-m+fp/hard\libc_nano.a(libc_a-malloc.o) (_malloc_r)
C:/ST/STM32CubeIDE_1.19.0/STM32CubeIDE/plugins/com.st.stm32cube.ide.mcu.externaltools.gnu-tools-for-stm32.13.3.rel1.win32_1.0.0.202411081344/tools/bin/../lib/gcc/arm-none-eabi/13.3.1/../../../../arm-none-eabi/lib/thumb/v7e-m+fp/hard\libc_nano.a(libc_a-mlock.o)
                              C:/ST/STM32CubeIDE_1.19.0/STM32CubeIDE/plugins/com.st.stm32cube.ide.mcu.externaltools.gnu-tools-for-stm32.13.3.rel1.win32_1.0.0.202411081344/tools/bin/../lib/gcc/arm-none-eabi/13.3.1/../../../../arm-none-eabi/lib/thumb/v7e-m+fp/hard\libc_nano.a(libc_a-mallocr.o) (__malloc_lock)
C:/ST/STM32CubeIDE_1.19.0/STM32CubeIDE/plugins/com.st.stm32cube.ide.mcu.externaltools.gnu-tools-for-stm32.13.3.rel1.win32_1.0.0.202411081344/tools/bin/../lib/gcc/arm-none-eabi/13.3.1/../../../../arm-none-eabi/lib/thumb/v7e-m+fp/hard\libc_nano.a(libc_a-findfp.o)
                              C:/ST/STM32CubeIDE_1.19.0/STM32CubeIDE/plugins/com.st.stm32cube.ide.mcu.externaltools.gnu-tools-for-stm32.13.3.rel1.win32_1.0.0.202411081344/tools/bin/../lib/gcc/arm-none-eabi/13.3.1/../../../../arm-none-eabi/lib/thumb/v7e-m+fp/hard\libc_nano.a(libc_a-exit.o) (__stdio_exit_handler)
C:/ST/STM32CubeIDE_1.19.0/STM32CubeIDE/plugins/com.st.stm32cube.ide.mcu.externaltools.gnu-tools-for-stm32.13.3.rel1.win32_1.0.0.202411081344/tools/bin/../lib/gcc/arm-none-eabi/13.3.1/../../../../arm-none-eabi/lib/thumb/v7e-m+fp/hard\libc_nano.a(libc_a-fwalk.o)
                              C:/ST/STM32CubeIDE_1.19.0/STM32CubeIDE/plugins/com.st.stm32cube.ide.mcu.externaltools.gnu-tools-for-stm32.13.3.rel1.win32_1.0.0.202411081344/tools/bin/../lib/gcc/arm-none-eabi/13.3.1/../../../../arm-none-eabi/lib/thumb/v7e-m+fp/hard\libc_nano.a(libc_a-findfp.o) (_fwalk_sglue)
C:/ST/STM32CubeIDE_1.19.0/STM32CubeIDE/plugins/com.st.stm32cube.ide.mcu.externaltools.gnu-tools-for-stm32.13.3.rel1.win32_1.0.0.202411081344/tools/bin/../lib/gcc/arm-none-eabi/13.3.1/../../../../arm-none-eabi/lib/thumb/v7e-m+fp/hard\libc_nano.a(libc_a-printf.o)
                              ./Core/Src/TASKS/energy_task.o (printf)
C:/ST/STM32CubeIDE_1.19.0/STM32CubeIDE/plugins/com.st.stm32cube.ide.mcu.externaltools.gnu-tools-for-stm32.13.3.rel1.win32_1.0.0.202411081344/tools/bin/../lib/gcc/arm-none-eabi/13.3.1/../../../../arm-none-eabi/lib/thumb/v7e-m+fp/hard\libc_nano.a(libc_a-puts.o)
                              ./Core/Src/TASKS/energy_task.o (puts)
C:/ST/STM32CubeIDE_1.19.0/STM32CubeIDE/plugins/com.st.stm32cube.ide.mcu.externaltools.gnu-tools-for-stm32.13.3.rel1.win32_1.0.0.202411081344/tools/bin/../lib/gcc/arm-none-eabi/13.3.1/../../../../arm-none-eabi/lib/thumb/v7e-m+fp/hard\libc_nano.a(libc_a-snprintf.o)
                              ./Core/Src/TASKS/oled_task.o (snprintf)
C:/ST/STM32CubeIDE_1.19.0/STM32CubeIDE/plugins/com.st.stm32cube.ide.mcu.externaltools.gnu-tools-for-stm32.13.3.rel1.win32_1.0.0.202411081344/tools/bin/../lib/gcc/arm-none-eabi/13.3.1/../../../../arm-none-eabi/lib/thumb/v7e-m+fp/hard\libc_nano.a(libc_a-sprintf.o)
                              ./Core/Src/TASKS/pzem_task.o (sprintf)
C:/ST/STM32CubeIDE_1.19.0/STM32CubeIDE/plugins/com.st.stm32cube.ide.mcu.externaltools.gnu-tools-for-stm32.13.3.rel1.win32_1.0.0.202411081344/tools/bin/../lib/gcc/arm-none-eabi/13.3.1/../../../../arm-none-eabi/lib/thumb/v7e-m+fp/hard\libc_nano.a(libc_a-stdio.o)
[...]
Memory Configuration

Name             Origin             Length             Attributes
RAM              0x20000000         0x00020000         xrw
FLASH            0x08000000         0x00080000         xr
*default*        0x00000000         0xffffffff

Linker script and memory map

LOAD C:/ST/STM32CubeIDE_1.19.0/STM32CubeIDE/plugins/com.st.stm32cube.ide.mcu.externaltools.gnu-tools-for-stm32.13.3.rel1.win32_1.0.0.202411081344/tools/bin/../lib/gcc/arm-none-eabi/13.3.1/thumb/v7e-m+fp/hard/crti.o
LOAD C:/ST/STM32CubeIDE_1.19.0/STM32CubeIDE/plugins/com.st.stm32cube.ide.mcu.externaltools.gnu-tools-for-stm32.13.3.rel1.win32_1.0.0.202411081344/tools/bin/../lib/gcc/arm-none-eabi/13.3.1/thumb/v7e-m+fp/hard/crtbegin.o
LOAD C:/ST/STM32CubeIDE_1.19.0/STM32CubeIDE/plugins/com.st.stm32cube.ide.mcu.externaltools.gnu-tools-for-stm32.13.3.rel1.win32_1.0.0.202411081344/tools/bin/../lib/gcc/arm-none-eabi/13.3.1/../../../../arm-none-eabi/lib/thumb/v7e-m+fp/hard/crt0.o
LOAD ./Core/Src/BME680/bme680_app.o
LOAD ./Core/Src/BME680/bme680_user.o
LOAD ./Core/Src/BME680/bme68x.o
LOAD ./Core/Src/PZEM004T/pzem004t.o
LOAD ./Core/Src/PZEM004T/pzem004t_app.o
LOAD ./Core/Src/RELAY/relay_control.o
LOAD ./Core/Src/SD/fatfs_sd.o
LOAD ./Core/Src/SD/user_diskio.o
LOAD ./Core/Src/SSD1306/ssd1306.o
LOAD ./Core/Src/SSD1306/ssd1306_fonts.o
LOAD ./Core/Src/TASKS/alert_task.o
LOAD ./Core/Src/TASKS/energy_task.o
LOAD ./Core/Src/TASKS/fan_task.o
LOAD ./Core/Src/TASKS/light_task.o
LOAD ./Core/Src/TASKS/oled_task.o
LOAD ./Core/Src/TASKS/pzem_task.o
LOAD ./Core/Src/TASKS/relay_automation_task.o
LOAD ./Core/Src/TASKS/relay_task.o
LOAD ./Core/Src/TASKS/sensor_data.o
LOAD ./Core/Src/TASKS/sensor_task.o
LOAD ./Core/Src/TASKS/shared_data.o
LOAD ./Core/Src/TASKS/uart_ring.o
LOAD ./Core/Src/TASKS/wifi_task.o
LOAD ./Core/Src/WIFI/esp8266.o
LOAD ./Core/Src/freertos.o
LOAD ./Core/Src/main.o
LOAD ./Core/Src/sdcard.o
LOAD ./Core/Src/spi.o
LOAD ./Core/Src/status_led.o
LOAD ./Core/Src/stm32f4xx_hal_msp.o
LOAD ./Core/Src/stm32f4xx_it.o
LOAD ./Core/Src/syscalls.o
LOAD ./Core/Src/sysmem.o
LOAD ./Core/Src/system_stm32f4xx.o
LOAD ./Core/Startup/startup_stm32f446retx.o
LOAD ./Drivers/STM32F4xx_HAL_Driver/Src/stm32f4xx_hal.o
LOAD ./Drivers/STM32F4xx_HAL_Driver/Src/stm32f4xx_hal_cortex.o
LOAD ./Drivers/STM32F4xx_HAL_Driver/Src/stm32f4xx_hal_dma.o
LOAD ./Drivers/STM32F4xx_HAL_Driver/Src/stm32f4xx_hal_dma_ex.o
LOAD ./Drivers/STM32F4xx_HAL_Driver/Src/stm32f4xx_hal_exti.o
LOAD ./Drivers/STM32F4xx_HAL_Driver/Src/stm32f4xx_hal_flash.o
LOAD ./Drivers/STM32F4xx_HAL_Driver/Src/stm32f4xx_hal_flash_ex.o
LOAD ./Drivers/STM32F4xx_HAL_Driver/Src/stm32f4xx_hal_flash_ramfunc.o
LOAD ./Drivers/STM32F4xx_HAL_Driver/Src/stm32f4xx_hal_gpio.o
LOAD ./Drivers/STM32F4xx_HAL_Driver/Src/stm32f4xx_hal_i2c.o
LOAD ./Drivers/STM32F4xx_HAL_Driver/Src/stm32f4xx_hal_i2c_ex.o
LOAD ./Drivers/STM32F4xx_HAL_Driver/Src/stm32f4xx_hal_pwr.o
LOAD ./Drivers/STM32F4xx_HAL_Driver/Src/stm32f4xx_hal_pwr_ex.o
LOAD ./Drivers/STM32F4xx_HAL_Driver/Src/stm32f4xx_hal_rcc.o
LOAD ./Drivers/STM32F4xx_HAL_Driver/Src/stm32f4xx_hal_rcc_ex.o
LOAD ./Drivers/STM32F4xx_HAL_Driver/Src/stm32f4xx_hal_rtc.o
LOAD ./Drivers/STM32F4xx_HAL_Driver/Src/stm32f4xx_hal_rtc_ex.o
LOAD ./Drivers/STM32F4xx_HAL_Driver/Src/stm32f4xx_hal_spi.o
LOAD ./Drivers/STM32F4xx_HAL_Driver/Src/stm32f4xx_hal_uart.o
LOAD ./FATFS/App/fatfs.o
LOAD ./Middlewares/Third_Party/FatFs/src/diskio.o
LOAD ./Middlewares/Third_Party/FatFs/src/ff.o
LOAD ./Middlewares/Third_Party/FatFs/src/ff_gen_drv.o
LOAD ./Middlewares/Third_Party/FatFs/src/option/syscall.o
LOAD ./Middlewares/Third_Party/FreeRTOS/Source/CMSIS_RTOS_V2/cmsis_os2.o
LOAD ./Middlewares/Third_Party/FreeRTOS/Source/croutine.o
LOAD ./Middlewares/Third_Party/FreeRTOS/Source/event_groups.o
LOAD ./Middlewares/Third_Party/FreeRTOS/Source/list.o
LOAD ./Middlewares/Third_Party/FreeRTOS/Source/queue.o
LOAD ./Middlewares/Third_Party/FreeRTOS/Source/stream_buffer.o
LOAD ./Middlewares/Third_Party/FreeRTOS/Source/tasks.o
LOAD ./Middlewares/Third_Party/FreeRTOS/Source/timers.o
LOAD ./Middlewares/Third_Party/FreeRTOS/Source/portable/GCC/ARM_CM4F/port.o
LOAD ./Middlewares/Third_Party/FreeRTOS/Source/portable/MemMang/heap_4.o
START GROUP
LOAD C:/ST/STM32CubeIDE_1.19.0/STM32CubeIDE/plugins/com.st.stm32cube.ide.mcu.externaltools.gnu-tools-for-stm32.13.3.rel1.win32_1.0.0.202411081344/tools/bin/../lib/gcc/arm-none-eabi/13.3.1/../../../../arm-none-eabi/lib/thumb/v7e-m+fp/hard\libc_nano.a
LOAD C:/ST/STM32CubeIDE_1.19.0/STM32CubeIDE/plugins/com.st.stm32cube.ide.mcu.externaltools.gnu-tools-for-stm32.13.3.rel1.win32_1.0.0.202411081344/tools/bin/../lib/gcc/arm-none-eabi/13.3.1/../../../../arm-none-eabi/lib/thumb/v7e-m+fp/hard\libm.a
END GROUP
START GROUP
LOAD C:/ST/STM32CubeIDE_1.19.0/STM32CubeIDE/plugins/com.st.stm32cube.ide.mcu.externaltools.gnu-tools-for-stm32.13.3.rel1.win32_1.0.0.202411081344/tools/bin/../lib/gcc/arm-none-eabi/13.3.1/thumb/v7e-m+fp/hard\libgcc.a
LOAD C:/ST/STM32CubeIDE_1.19.0/STM32CubeIDE/plugins/com.st.stm32cube.ide.mcu.externaltools.gnu-tools-for-stm32.13.3.rel1.win32_1.0.0.202411081344/tools/bin/../lib/gcc/arm-none-eabi/13.3.1/../../../../arm-none-eabi/lib/thumb/v7e-m+fp/hard\libc_nano.a
END GROUP
START GROUP
LOAD C:/ST/STM32CubeIDE_1.19.0/STM32CubeIDE/plugins/com.st.stm32cube.ide.mcu.externaltools.gnu-tools-for-stm32.13.3.rel1.win32_1.0.0.202411081344/tools/bin/../lib/gcc/arm-none-eabi/13.3.1/thumb/v7e-m+fp/hard\libgcc.a
LOAD C:/ST/STM32CubeIDE_1.19.0/STM32CubeIDE/plugins/com.st.stm32cube.ide.mcu.externaltools.gnu-tools-for-stm32.13.3.rel1.win32_1.0.0.202411081344/tools/bin/../lib/gcc/arm-none-eabi/13.3.1/../../../../arm-none-eabi/lib/thumb/v7e-m+fp/hard\libc_nano.a
LOAD C:/ST/STM32CubeIDE_1.19.0/STM32CubeIDE/plugins/com.st.stm32cube.ide.mcu.externaltools.gnu-tools-for-stm32.13.3.rel1.win32_1.0.0.202411081344/tools/bin/../lib/gcc/arm-none-eabi/13.3.1/../../../../arm-none-eabi/lib/thumb/v7e-m+fp/hard\libnosys.a
END GROUP
START GROUP
LOAD C:/ST/STM32CubeIDE_1.19.0/STM32CubeIDE/plugins/com.st.stm32cube.ide.mcu.externaltools.gnu-tools-for-stm32.13.3.rel1.win32_1.0.0.202411081344/tools/bin/../lib/gcc/arm-none-eabi/13.3.1/thumb/v7e-m+fp/hard\libgcc.a
LOAD C:/ST/STM32CubeIDE_1.19.0/STM32CubeIDE/plugins/com.st.stm32cube.ide.mcu.externaltools.gnu-tools-for-stm32.13.3.rel1.win32_1.0.0.202411081344/tools/bin/../lib/gcc/arm-none-eabi/13.3.1/../../../../arm-none-eabi/lib/thumb/v7e-m+fp/hard\libc_nano.a
LOAD C:/ST/STM32CubeIDE_1.19.0/STM32CubeIDE/plugins/com.st.stm32cube.ide.mcu.externaltools.gnu-tools-for-stm32.13.3.rel1.win32_1.0.0.202411081344/tools/bin/../lib/gcc/arm-none-eabi/13.3.1/../../../../arm-none-eabi/lib/thumb/v7e-m+fp/hard\libnosys.a
END GROUP
LOAD C:/ST/STM32CubeIDE_1.19.0/STM32CubeIDE/plugins/com.st.stm32cube.ide.mcu.externaltools.gnu-tools-for-stm32.13.3.rel1.win32_1.0.0.202411081344/tools/bin/../lib/gcc/arm-none-eabi/13.3.1/thumb/v7e-m+fp/hard/crtend.o
LOAD C:/ST/STM32CubeIDE_1.19.0/STM32CubeIDE/plugins/com.st.stm32cube.ide.mcu.externaltools.gnu-tools-for-stm32.13.3.rel1.win32_1.0.0.202411081344/tools/bin/../lib/gcc/arm-none-eabi/13.3.1/thumb/v7e-m+fp/hard/crtn.o
                0x20020000                        _estack = (ORIGIN (RAM) + LENGTH (RAM))
                0x00000200                        _Min_Heap_Size = 0x200
                0x00000400                        _Min_Stack_Size = 0x400

.isr_vector     0x08000000      0x1c4
                0x08000000                        . = ALIGN (0x4)
 *(.isr_vector)
 .isr_vector    0x08000000      0x1c4 ./Core/Startup/startup_stm32f446retx.o
                0x08000000                g_pfnVectors
                0x080001c4                        . = ALIGN (0x4)

.text           0x080001d0     0xa624
                0x080001d0                        . = ALIGN (0x4)
 *(.text)
 .text          0x080001d0       0x40 C:/ST/STM32CubeIDE_1.19.0/STM32CubeIDE/plugins/com.st.stm32cube.ide.mcu.externaltools.gnu-tools-for-stm32.13.3.rel1.win32_1.0.0.202411081344/tools/bin/../lib/gcc/arm-none-eabi/13.3.1/thumb/v7e-m+fp/hard/crtbegin.o
 .text          0x08000210       0xa0 C:/ST/STM32CubeIDE_1.19.0/STM32CubeIDE/plugins/com.st.stm32cube.ide.mcu.externaltools.gnu-tools-for-stm32.13.3.rel1.win32_1.0.0.202411081344/tools/bin/../lib/gcc/arm-none-eabi/13.3.1/../../../../arm-none-eabi/lib/thumb/v7e-m+fp/hard\libc_nano.a(libc_a-memchr.o)
                0x08000210                memchr
 .text          0x080002b0      0x378 C:/ST/STM32CubeIDE_1.19.0/STM32CubeIDE/plugins/com.st.stm32cube.ide.mcu.externaltools.gnu-tools-for-stm32.13.3.rel1.win32_1.0.0.202411081344/tools/bin/../lib/gcc/arm-none-eabi/13.3.1/thumb/v7e-m+fp/hard\libgcc.a(_arm_addsubdf3.o)
                0x080002b0                __aeabi_drsub
                0x080002b8                __aeabi_dsub
                0x080002b8                __subdf3
                0x080002bc                __aeabi_dadd
                0x080002bc                __adddf3
                0x08000534                __floatunsidf
                0x08000534                __aeabi_ui2d
                0x08000554                __floatsidf
                0x08000554                __aeabi_i2d
                0x08000578                __aeabi_f2d
                0x08000578                __extendsfdf2
                0x080005bc                __floatundidf
                0x080005bc                __aeabi_ul2d
                0x080005cc                __floatdidf
                0x080005cc                __aeabi_l2d
 .text          0x08000628       0x30 C:/ST/STM32CubeIDE_1.19.0/STM32CubeIDE/plugins/com.st.stm32cube.ide.mcu.externaltools.gnu-tools-for-stm32.13.3.rel1.win32_1.0.0.202411081344/tools/bin/../lib/gcc/arm-none-eabi/13.3.1/thumb/v7e-m+fp/hard\libgcc.a(_aeabi_uldivmod.o)
                0x08000628                __aeabi_uldivmod
 .text          0x08000658      0x2f8 C:/ST/STM32CubeIDE_1.19.0/STM32CubeIDE/plugins/com.st.stm32cube.ide.mcu.externaltools.gnu-tools-for-stm32.13.3.rel1.win32_1.0.0.202411081344/tools/bin/../lib/gcc/arm-none-eabi/13.3.1/thumb/v7e-m+fp/hard\libgcc.a(_udivmoddi4.o)
                0x08000658                __udivmoddi4
 .text          0x08000950        0x4 C:/ST/STM32CubeIDE_1.19.0/STM32CubeIDE/plugins/com.st.stm32cube.ide.mcu.externaltools.gnu-tools-for-stm32.13.3.rel1.win32_1.0.0.202411081344/tools/bin/../lib/gcc/arm-none-eabi/13.3.1/thumb/v7e-m+fp/hard\libgcc.a(_dvmd_tls.o)
                0x08000950                __aeabi_idiv0
                0x08000950                __aeabi_ldiv0
 *(.text*)
 .text.BME680_Init
                0x08000954       0xac ./Core/Src/BME680/bme680_app.o
                0x08000954                BME680_Init
 .text.BME680_ReadTemperature
                0x08000a00       0x1c ./Core/Src/BME680/bme680_app.o
                0x08000a00                BME680_ReadTemperature
 .text.BME680_ReadHumidity
                0x08000a1c       0x1c ./Core/Src/BME680/bme680_app.o
                0x08000a1c                BME680_ReadHumidity
 .text.user_i2c_read
                0x08000a38       0x50 ./Core/Src/BME680/bme680_user.o
                0x08000a38                user_i2c_read
 .text.user_i2c_write
                0x08000a88       0x50 ./Core/Src/BME680/bme680_user.o
                0x08000a88                user_i2c_write
 .text.user_delay_us
                0x08000ad8       0x28 ./Core/Src/BME680/bme680_user.o
                0x08000ad8                user_delay_us
 .text.bme68x_init
                0x08000b00       0x5c ./Core/Src/BME680/bme68x.o
                0x08000b00                bme68x_init
 .text.bme68x_set_regs
                0x08000b5c      0x11e ./Core/Src/BME680/bme68x.o
                0x08000b5c                bme68x_set_regs
 .text.bme68x_get_regs
                0x08000c7a       0x88 ./Core/Src/BME680/bme68x.o
                0x08000c7a                bme68x_get_regs
 .text.bme68x_soft_reset
                0x08000d02       0x86 ./Core/Src/BME680/bme68x.o
                0x08000d02                bme68x_soft_reset
 .text.bme68x_set_conf
                0x08000d88      0x214 ./Core/Src/BME680/bme68x.o
                0x08000d88                bme68x_set_conf
 .text.bme68x_set_op_mode
                0x08000f9c       0xc2 ./Core/Src/BME680/bme68x.o
                0x08000f9c                bme68x_set_op_mode
 .text.bme68x_get_op_mode
                0x0800105e       0x40 ./Core/Src/BME680/bme68x.o
                0x0800105e                bme68x_get_op_mode
 .text.bme68x_set_heatr_conf
                0x0800109e      0x114 ./Core/Src/BME680/bme68x.o
                0x0800109e                bme68x_set_heatr_conf
 *fill*         0x080011b2        0x2 
 .text.calc_res_heat
                0x080011b4      0x160 ./Core/Src/BME680/bme68x.o
 .text.calc_gas_wait
                0x08001314       0x4a ./Core/Src/BME680/bme68x.o
 .text.set_mem_page
                0x0800135e       0xca ./Core/Src/BME680/bme68x.o
 .text.get_mem_page
                0x08001428       0x5e ./Core/Src/BME680/bme68x.o
 .text.boundary_check
                0x08001486       0x5a ./Core/Src/BME680/bme68x.o
 .text.null_ptr_check
                0x080014e0       0x3e ./Core/Src/BME680/bme68x.o
 .text.set_conf
                0x0800151e      0x2a6 ./Core/Src/BME680/bme68x.o
 .text.calc_heatr_dur_shared
                0x080017c4       0x6c ./Core/Src/BME680/bme68x.o
 .text.get_calib_data
                0x08001830      0x21e ./Core/Src/BME680/bme68x.o
 .text.read_variant_id
                0x08001a4e       0x3a ./Core/Src/BME680/bme68x.o
 .text.PZEM_Init
                0x08001a88       0x20 ./Core/Src/PZEM004T/pzem004t.o
                0x08001a88                PZEM_Init
 .text.PZEM_RequestVoltage
                0x08001aa8       0x30 ./Core/Src/PZEM004T/pzem004t.o
                0x08001aa8                PZEM_RequestVoltage
 .text.PZEM_RequestCurrent
                0x08001ad8       0x30 ./Core/Src/PZEM004T/pzem004t.o
                0x08001ad8                PZEM_RequestCurrent
 .text.PZEM_RequestPower
                0x08001b08       0x30 ./Core/Src/PZEM004T/pzem004t.o
                0x08001b08                PZEM_RequestPower
 .text.PZEM_GetVoltage
                0x08001b38       0x44 ./Core/Src/PZEM004T/pzem004t.o
                0x08001b38                PZEM_GetVoltage
 .text.PZEM_GetCurrent
                0x08001b7c       0x48 ./Core/Src/PZEM004T/pzem004t.o
                0x08001b7c                PZEM_GetCurrent
 .text.PZEM_GetPower
                0x08001bc4       0x44 ./Core/Src/PZEM004T/pzem004t.o
                0x08001bc4                PZEM_GetPower
 .text.PZEM_ReadVoltage
                0x08001c08       0x1c ./Core/Src/PZEM004T/pzem004t.o
                0x08001c08                PZEM_ReadVoltage
 .text.PZEM_ReadCurrent
                0x08001c24       0x1c ./Core/Src/PZEM004T/pzem004t.o
                0x08001c24                PZEM_ReadCurrent
 .text.PZEM_ReadPower
                0x08001c40       0x1c ./Core/Src/PZEM004T/pzem004t.o
                0x08001c40                PZEM_ReadPower
 .text.PZEM_ReadFrequency
                0x08001c5c       0x68 ./Core/Src/PZEM004T/pzem004t.o
                0x08001c5c                PZEM_ReadFrequency
 .text.PZEM_ReadEnergy
                0x08001cc4       0x5c ./Core/Src/PZEM004T/pzem004t.o
                0x08001cc4                PZEM_ReadEnergy
 .text.PZEM_ReadPowerFactor
                0x08001d20       0x6c ./Core/Src/PZEM004T/pzem004t.o
                0x08001d20                PZEM_ReadPowerFactor
 .text.Relay_Init
                0x08001d8c       0x64 ./Core/Src/RELAY/relay_control.o
                0x08001d8c                Relay_Init
 .text.USER_initialize
                0x08001df0       0x38 ./Core/Src/SD/user_diskio.o
                0x08001df0                USER_initialize
 .text.USER_status
                0x08001e28       0x20 ./Core/Src/SD/user_diskio.o
                0x08001e28                USER_status
 .text.USER_read
                0x08001e48       0x1e ./Core/Src/SD/user_diskio.o
                0x08001e48                USER_read
 .text.USER_write
                0x08001e66       0x1e ./Core/Src/SD/user_diskio.o
                0x08001e66                USER_write
 .text.USER_ioctl
                0x08001e84       0x1e ./Core/Src/SD/user_diskio.o
                0x08001e84                USER_ioctl
 *fill*         0x08001ea2        0x2 
 .text.SSD1306_WriteCommand
                0x08001ea4       0x34 ./Core/Src/SSD1306/ssd1306.o
 .text.SSD1306_Init
                0x08001ed8       0xc8 ./Core/Src/SSD1306/ssd1306.o
                0x08001ed8                SSD1306_Init
 .text.SSD1306_Fill
                0x08001fa0       0x30 ./Core/Src/SSD1306/ssd1306.o
                0x08001fa0                SSD1306_Fill
 .text.SSD1306_UpdateScreen
                0x08001fd0       0x64 ./Core/Src/SSD1306/ssd1306.o
                0x08001fd0                SSD1306_UpdateScreen
 .text.SSD1306_SetCursor
                0x08002034       0x30 ./Core/Src/SSD1306/ssd1306.o
                0x08002034                SSD1306_SetCursor
 .text.StartEnergyTask
                0x08002064      0x154 ./Core/Src/TASKS/energy_task.o
                0x08002064                StartEnergyTask
 .text.StartSensorTask
                0x080021b8       0x38 ./Core/Src/TASKS/sensor_task.o
                0x080021b8                StartSensorTask
 .text.ESP_Init
                0x080021f0       0x38 ./Core/Src/WIFI/esp8266.o
                0x080021f0                ESP_Init
 .text.main     0x08002228      0x134 ./Core/Src/main.o
                0x08002228                main
 .text.SystemClock_Config
                0x0800235c       0xc8 ./Core/Src/main.o
                0x0800235c                SystemClock_Config
 .text.MX_I2C1_Init
                0x08002424       0x5c ./Core/Src/main.o
 .text.MX_I2C2_Init
                0x08002480       0x5c ./Core/Src/main.o
 .text.MX_RTC_Init
                0x080024dc       0xb4 ./Core/Src/main.o
 .text.MX_SPI2_Init
                0x08002590       0x6c ./Core/Src/main.o
 .text.MX_USART2_UART_Init
                0x080025fc       0x54 ./Core/Src/main.o
 .text.MX_USART6_UART_Init
                0x08002650       0x54 ./Core/Src/main.o
 .text.MX_GPIO_Init
                0x080026a4       0xa0 ./Core/Src/main.o
 .text.StartDefaultTask
                0x08002744       0x10 ./Core/Src/main.o
                0x08002744                StartDefaultTask
 .text.StartDisplayTask
                0x08002754       0x10 ./Core/Src/main.o
                0x08002754                StartDisplayTask
 .text.StartWiFiTask
                0x08002764       0x10 ./Core/Src/main.o
                0x08002764                StartWiFiTask
 .text.StartRelayControlTask
                0x08002774       0x10 ./Core/Src/main.o
                0x08002774                StartRelayControlTask
 .text.StartSDLogTask
                0x08002784       0x10 ./Core/Src/main.o
                0x08002784                StartSDLogTask
 .text.StartSystemStatusTask
                0x08002794       0x10 ./Core/Src/main.o
                0x08002794                StartSystemStatusTask
 .text.Error_Handler
                0x080027a4        0xc ./Core/Src/main.o
                0x080027a4                Error_Handler
 .text.HAL_MspInit
                0x080027b0       0x58 ./Core/Src/stm32f4xx_hal_msp.o
                0x080027b0                HAL_MspInit
 .text.HAL_I2C_MspInit
                0x08002808       0xf8 ./Core/Src/stm32f4xx_hal_msp.o
                0x08002808                HAL_I2C_MspInit
 .text.HAL_RTC_MspInit
                0x08002900       0x54 ./Core/Src/stm32f4xx_hal_msp.o
                0x08002900                HAL_RTC_MspInit
 .text.HAL_SPI_MspInit
                0x08002954       0x90 ./Core/Src/stm32f4xx_hal_msp.o
                0x08002954                HAL_SPI_MspInit
 .text.HAL_UART_MspInit
                0x080029e4       0xfc ./Core/Src/stm32f4xx_hal_msp.o
                0x080029e4                HAL_UART_MspInit
 .text.NMI_Handler
                0x08002ae0        0x8 ./Core/Src/stm32f4xx_it.o
                0x08002ae0                NMI_Handler
 .text.HardFault_Handler
                0x08002ae8        0x8 ./Core/Src/stm32f4xx_it.o
                0x08002ae8                HardFault_Handler
 .text.MemManage_Handler
                0x08002af0        0x8 ./Core/Src/stm32f4xx_it.o
                0x08002af0                MemManage_Handler
 .text.BusFault_Handler
                0x08002af8        0x8 ./Core/Src/stm32f4xx_it.o
                0x08002af8                BusFault_Handler
 .text.UsageFault_Handler
                0x08002b00        0x8 ./Core/Src/stm32f4xx_it.o
                0x08002b00                UsageFault_Handler
 .text.DebugMon_Handler
                0x08002b08        0xe ./Core/Src/stm32f4xx_it.o
                0x08002b08                DebugMon_Handler
 .text.SysTick_Handler
                0x08002b16       0x1a ./Core/Src/stm32f4xx_it.o
                0x08002b16                SysTick_Handler
 .text._read    0x08002b30       0x3a ./Core/Src/syscalls.o
                0x08002b30                _read
 .text._write   0x08002b6a       0x38 ./Core/Src/syscalls.o
                0x08002b6a                _write
 .text._close   0x08002ba2       0x18 ./Core/Src/syscalls.o
                0x08002ba2                _close
 .text._fstat   0x08002bba       0x20 ./Core/Src/syscalls.o
                0x08002bba                _fstat
 .text._isatty  0x08002bda       0x16 ./Core/Src/syscalls.o
                0x08002bda                _isatty
 .text._lseek   0x08002bf0       0x1a ./Core/Src/syscalls.o
                0x08002bf0                _lseek
 *fill*         0x08002c0a        0x2 
 .text._sbrk    0x08002c0c       0x6c ./Core/Src/sysmem.o
                0x08002c0c                _sbrk
 .text.SystemInit
                0x08002c78       0x24 ./Core/Src/system_stm32f4xx.o
                0x08002c78                SystemInit
 .text.Reset_Handler
                0x08002c9c       0x50 ./Core/Startup/startup_stm32f446retx.o
                0x08002c9c                Reset_Handler
 .text.Default_Handler
                0x08002cec        0x2 ./Core/Startup/startup_stm32f446retx.o
                0x08002cec                RTC_Alarm_IRQHandler
                0x08002cec                EXTI2_IRQHandler
                0x08002cec                TIM8_CC_IRQHandler
                0x08002cec                FMPI2C1_EV_IRQHandler
                0x08002cec                SPI4_IRQHandler
                0x08002cec                TIM1_CC_IRQHandler
                0x08002cec                DMA2_Stream5_IRQHandler
                0x08002cec                DMA1_Stream5_IRQHandler
                0x08002cec                PVD_IRQHandler
                0x08002cec                SDIO_IRQHandler
                0x08002cec                TAMP_STAMP_IRQHandler
                0x08002cec                CAN2_RX1_IRQHandler
                0x08002cec                EXTI3_IRQHandler
                0x08002cec                TIM8_TRG_COM_TIM14_IRQHandler
                0x08002cec                TIM1_UP_TIM10_IRQHandler
                0x08002cec                TIM8_UP_TIM13_IRQHandler
                0x08002cec                I2C3_ER_IRQHandler
                0x08002cec                EXTI0_IRQHandler
                0x08002cec                I2C2_EV_IRQHandler
                0x08002cec                DMA1_Stream2_IRQHandler
                0x08002cec                CAN1_RX0_IRQHandler
                0x08002cec                FPU_IRQHandler
                0x08002cec                OTG_HS_WKUP_IRQHandler
                0x08002cec                CAN2_SCE_IRQHandler
                0x08002cec                DMA2_Stream2_IRQHandler
                0x08002cec                SPI1_IRQHandler
                0x08002cec                TIM6_DAC_IRQHandler
                0x08002cec                TIM1_BRK_TIM9_IRQHandler
                0x08002cec                DCMI_IRQHandler
                0x08002cec                CAN2_RX0_IRQHandler
                0x08002cec                DMA2_Stream3_IRQHandler
                0x08002cec                SAI2_IRQHandler
                0x08002cec                USART6_IRQHandler
                0x08002cec                USART3_IRQHandler
                0x08002cec                CAN1_RX1_IRQHandler
                0x08002cec                UART5_IRQHandler
                0x08002cec                DMA2_Stream0_IRQHandler
                0x08002cec                TIM4_IRQHandler
                0x08002cec                QUADSPI_IRQHandler
                0x08002cec                I2C1_EV_IRQHandler
                0x08002cec                DMA1_Stream6_IRQHandler
                0x08002cec                DMA1_Stream1_IRQHandler
                0x08002cec                UART4_IRQHandler
                0x08002cec                TIM3_IRQHandler
                0x08002cec                RCC_IRQHandler
                0x08002cec                TIM8_BRK_TIM12_IRQHandler
                0x08002cec                Default_Handler
                0x08002cec                CEC_IRQHandler
                0x08002cec                EXTI15_10_IRQHandler
                0x08002cec                ADC_IRQHandler
                0x08002cec                DMA1_Stream7_IRQHandler
                0x08002cec                TIM7_IRQHandler
                0x08002cec                CAN2_TX_IRQHandler
                0x08002cec                TIM5_IRQHandler
                0x08002cec                DMA2_Stream7_IRQHandler
                0x08002cec                I2C3_EV_IRQHandler
                0x08002cec                EXTI9_5_IRQHandler
                0x08002cec                RTC_WKUP_IRQHandler
                0x08002cec                SPDIF_RX_IRQHandler
                0x08002cec                SPI2_IRQHandler
                0x08002cec                OTG_HS_EP1_IN_IRQHandler
                0x08002cec                DMA1_Stream0_IRQHandler
                0x08002cec                CAN1_TX_IRQHandler
                0x08002cec                FMPI2C1_ER_IRQHandler
                0x08002cec                EXTI4_IRQHandler
                0x08002cec                OTG_HS_EP1_OUT_IRQHandler
                0x08002cec                WWDG_IRQHandler
                0x08002cec                TIM2_IRQHandler
                0x08002cec                OTG_FS_WKUP_IRQHandler
                0x08002cec                TIM1_TRG_COM_TIM11_IRQHandler
                0x08002cec                OTG_HS_IRQHandler
                0x08002cec                EXTI1_IRQHandler
                0x08002cec                USART2_IRQHandler
                0x08002cec                I2C2_ER_IRQHandler
                0x08002cec                DMA2_Stream1_IRQHandler
                0x08002cec                CAN1_SCE_IRQHandler
                0x08002cec                FLASH_IRQHandler
                0x08002cec                DMA2_Stream4_IRQHandler
                0x08002cec                USART1_IRQHandler
                0x08002cec                OTG_FS_IRQHandler
                0x08002cec                SPI3_IRQHandler
                0x08002cec                DMA1_Stream4_IRQHandler
                0x08002cec                I2C1_ER_IRQHandler
                0x08002cec                FMC_IRQHandler
                0x08002cec                DMA2_Stream6_IRQHandler
                0x08002cec                SAI1_IRQHandler
                0x08002cec                DMA1_Stream3_IRQHandler
 *fill*         0x08002cee        0x2 
 .text.HAL_Init
                0x08002cf0       0x44 ./Drivers/STM32F4xx_HAL_Driver/Src/stm32f4xx_hal.o
                0x08002cf0                HAL_Init
 .text.HAL_InitTick
                0x08002d34       0x60 ./Drivers/STM32F4xx_HAL_Driver/Src/stm32f4xx_hal.o
                0x08002d34                HAL_InitTick
 .text.HAL_IncTick
                0x08002d94       0x28 ./Drivers/STM32F4xx_HAL_Driver/Src/stm32f4xx_hal.o
                0x08002d94                HAL_IncTick
 .text.HAL_GetTick
                0x08002dbc       0x18 ./Drivers/STM32F4xx_HAL_Driver/Src/stm32f4xx_hal.o
                0x08002dbc                HAL_GetTick
 .text.HAL_Delay
                0x08002dd4       0x48 ./Drivers/STM32F4xx_HAL_Driver/Src/stm32f4xx_hal.o
                0x08002dd4                HAL_Delay
 .text.__NVIC_SetPriorityGrouping
                0x08002e1c       0x48 ./Drivers/STM32F4xx_HAL_Driver/Src/stm32f4xx_hal_cortex.o
 .text.__NVIC_GetPriorityGrouping
                0x08002e64       0x1c ./Drivers/STM32F4xx_HAL_Driver/Src/stm32f4xx_hal_cortex.o
 .text.__NVIC_SetPriority
                0x08002e80       0x54 ./Drivers/STM32F4xx_HAL_Driver/Src/stm32f4xx_hal_cortex.o
 .text.NVIC_EncodePriority
                0x08002ed4       0x66 ./Drivers/STM32F4xx_HAL_Driver/Src/stm32f4xx_hal_cortex.o
 *fill*         0x08002f3a        0x2 
 .text.SysTick_Config
                0x08002f3c       0x44 ./Drivers/STM32F4xx_HAL_Driver/Src/stm32f4xx_hal_cortex.o
 .text.HAL_NVIC_SetPriorityGrouping
                0x08002f80       0x16 ./Drivers/STM32F4xx_HAL_Driver/Src/stm32f4xx_hal_cortex.o
                0x08002f80                HAL_NVIC_SetPriorityGrouping
 .text.HAL_NVIC_SetPriority
                0x08002f96       0x38 ./Drivers/STM32F4xx_HAL_Driver/Src/stm32f4xx_hal_cortex.o
                0x08002f96                HAL_NVIC_SetPriority
 .text.HAL_SYSTICK_Config
                0x08002fce       0x18 ./Drivers/STM32F4xx_HAL_Driver/Src/stm32f4xx_hal_cortex.o
                0x08002fce                HAL_SYSTICK_Config
 *fill*         0x08002fe6        0x2 
 .text.HAL_GPIO_Init
                0x08002fe8      0x328 ./Drivers/STM32F4xx_HAL_Driver/Src/stm32f4xx_hal_gpio.o
                0x08002fe8                HAL_GPIO_Init
 .text.HAL_GPIO_WritePin
                0x08003310       0x32 ./Drivers/STM32F4xx_HAL_Driver/Src/stm32f4xx_hal_gpio.o
                0x08003310                HAL_GPIO_WritePin
 *fill*         0x08003342        0x2 
 .text.HAL_I2C_Init
                0x08003344      0x288 ./Drivers/STM32F4xx_HAL_Driver/Src/stm32f4xx_hal_i2c.o
                0x08003344                HAL_I2C_Init
 .text.HAL_I2C_Master_Transmit
                0x080035cc      0x1fc ./Drivers/STM32F4xx_HAL_Driver/Src/stm32f4xx_hal_i2c.o
                0x080035cc                HAL_I2C_Master_Transmit
 .text.HAL_I2C_Mem_Write
                0x080037c8      0x1f4 ./Drivers/STM32F4xx_HAL_Driver/Src/stm32f4xx_hal_i2c.o
                0x080037c8                HAL_I2C_Mem_Write
 .text.HAL_I2C_Mem_Read
                0x080039bc      0x464 ./Drivers/STM32F4xx_HAL_Driver/Src/stm32f4xx_hal_i2c.o
                0x080039bc                HAL_I2C_Mem_Read
 .text.I2C_MasterRequestWrite
                0x08003e20      0x104 ./Drivers/STM32F4xx_HAL_Driver/Src/stm32f4xx_hal_i2c.o
 .text.I2C_RequestMemoryWrite
                0x08003f24      0x12c ./Drivers/STM32F4xx_HAL_Driver/Src/stm32f4xx_hal_i2c.o
 .text.I2C_RequestMemoryRead
                0x08004050      0x1d0 ./Drivers/STM32F4xx_HAL_Driver/Src/stm32f4xx_hal_i2c.o
 .text.I2C_WaitOnFlagUntilTimeout
                0x08004220       0xf4 ./Drivers/STM32F4xx_HAL_Driver/Src/stm32f4xx_hal_i2c.o
 .text.I2C_WaitOnMasterAddressFlagUntilTimeout
                0x08004314      0x140 ./Drivers/STM32F4xx_HAL_Driver/Src/stm32f4xx_hal_i2c.o
 .text.I2C_WaitOnTXEFlagUntilTimeout
                0x08004454       0x90 ./Drivers/STM32F4xx_HAL_Driver/Src/stm32f4xx_hal_i2c.o
 .text.I2C_WaitOnBTFFlagUntilTimeout
                0x080044e4       0x90 ./Drivers/STM32F4xx_HAL_Driver/Src/stm32f4xx_hal_i2c.o
 .text.I2C_WaitOnRXNEFlagUntilTimeout
                0x08004574       0xba ./Drivers/STM32F4xx_HAL_Driver/Src/stm32f4xx_hal_i2c.o
 .text.I2C_IsAcknowledgeFailed
                0x0800462e       0x5e ./Drivers/STM32F4xx_HAL_Driver/Src/stm32f4xx_hal_i2c.o
 .text.HAL_RCC_ClockConfig
                0x0800468c      0x1cc ./Drivers/STM32F4xx_HAL_Driver/Src/stm32f4xx_hal_rcc.o
                0x0800468c                HAL_RCC_ClockConfig
 .text.HAL_RCC_GetHCLKFreq
                0x08004858       0x18 ./Drivers/STM32F4xx_HAL_Driver/Src/stm32f4xx_hal_rcc.o
                0x08004858                HAL_RCC_GetHCLKFreq
 .text.HAL_RCC_GetPCLK1Freq
                0x08004870       0x28 ./Drivers/STM32F4xx_HAL_Driver/Src/stm32f4xx_hal_rcc.o
                0x08004870                HAL_RCC_GetPCLK1Freq
 .text.HAL_RCC_GetPCLK2Freq
                0x08004898       0x28 ./Drivers/STM32F4xx_HAL_Driver/Src/stm32f4xx_hal_rcc.o
                0x08004898                HAL_RCC_GetPCLK2Freq
 .text.HAL_RCCEx_PeriphCLKConfig
                0x080048c0      0x654 ./Drivers/STM32F4xx_HAL_Driver/Src/stm32f4xx_hal_rcc_ex.o
                0x080048c0                HAL_RCCEx_PeriphCLKConfig
 .text.HAL_RCC_GetSysClockFreq
                0x08004f14      0x354 ./Drivers/STM32F4xx_HAL_Driver/Src/stm32f4xx_hal_rcc_ex.o
                0x08004f14                HAL_RCC_GetSysClockFreq
 .text.HAL_RCC_OscConfig
                0x08005268      0x53c ./Drivers/STM32F4xx_HAL_Driver/Src/stm32f4xx_hal_rcc_ex.o
                0x08005268                HAL_RCC_OscConfig
 .text.HAL_RTC_Init
                0x080057a4      0x102 ./Drivers/STM32F4xx_HAL_Driver/Src/stm32f4xx_hal_rtc.o
                0x080057a4                HAL_RTC_Init
 .text.HAL_RTC_SetTime
                0x080058a6      0x134 ./Drivers/STM32F4xx_HAL_Driver/Src/stm32f4xx_hal_rtc.o
                0x080058a6                HAL_RTC_SetTime
 .text.HAL_RTC_SetDate
                0x080059da      0x108 ./Drivers/STM32F4xx_HAL_Driver/Src/stm32f4xx_hal_rtc.o
                0x080059da                HAL_RTC_SetDate
 *fill*         0x08005ae2        0x2 
 .text.HAL_RTC_WaitForSynchro
                0x08005ae4       0x4c ./Drivers/STM32F4xx_HAL_Driver/Src/stm32f4xx_hal_rtc.o
                0x08005ae4                HAL_RTC_WaitForSynchro
 .text.RTC_EnterInitMode
                0x08005b30       0x6e ./Drivers/STM32F4xx_HAL_Driver/Src/stm32f4xx_hal_rtc.o
                0x08005b30                RTC_EnterInitMode
 .text.RTC_ExitInitMode
                0x08005b9e       0x4a ./Drivers/STM32F4xx_HAL_Driver/Src/stm32f4xx_hal_rtc.o
                0x08005b9e                RTC_ExitInitMode
 .text.RTC_ByteToBcd2
                0x08005be8       0x3c ./Drivers/STM32F4xx_HAL_Driver/Src/stm32f4xx_hal_rtc.o
                0x08005be8                RTC_ByteToBcd2
 .text.HAL_SPI_Init
                0x08005c24      0x112 ./Drivers/STM32F4xx_HAL_Driver/Src/stm32f4xx_hal_spi.o
                0x08005c24                HAL_SPI_Init
 .text.HAL_UART_Init
                0x08005d36       0xa0 ./Drivers/STM32F4xx_HAL_Driver/Src/stm32f4xx_hal_uart.o
                0x08005d36                HAL_UART_Init
 .text.HAL_UART_Transmit
                0x08005dd6      0x116 ./Drivers/STM32F4xx_HAL_Driver/Src/stm32f4xx_hal_uart.o
                0x08005dd6                HAL_UART_Transmit
 .text.HAL_UART_Receive_IT
                0x08005eec       0x4a ./Drivers/STM32F4xx_HAL_Driver/Src/stm32f4xx_hal_uart.o
                0x08005eec                HAL_UART_Receive_IT
 .text.UART_WaitOnFlagUntilTimeout
                0x08005f36       0xb2 ./Drivers/STM32F4xx_HAL_Driver/Src/stm32f4xx_hal_uart.o
 .text.UART_Start_Receive_IT
                0x08005fe8       0x74 ./Drivers/STM32F4xx_HAL_Driver/Src/stm32f4xx_hal_uart.o
                0x08005fe8                UART_Start_Receive_IT
 .text.UART_EndRxTransfer
                0x0800605c       0xc6 ./Drivers/STM32F4xx_HAL_Driver/Src/stm32f4xx_hal_uart.o
 *fill*         0x08006122        0x2 
 .text.UART_SetConfig
                0x08006124      0x4e8 ./Drivers/STM32F4xx_HAL_Driver/Src/stm32f4xx_hal_uart.o
 .text.MX_FATFS_Init
                0x0800660c       0x24 ./FATFS/App/fatfs.o
                0x0800660c                MX_FATFS_Init
 .text.FATFS_LinkDriverEx
                0x08006630       0x98 ./Middlewares/Third_Party/FatFs/src/ff_gen_drv.o
                0x08006630                FATFS_LinkDriverEx
 .text.FATFS_LinkDriver
                0x080066c8       0x1e ./Middlewares/Third_Party/FatFs/src/ff_gen_drv.o
                0x080066c8                FATFS_LinkDriver
 *fill*         0x080066e6        0x2 
 .text.__NVIC_SetPriority
                0x080066e8       0x54 ./Middlewares/Third_Party/FreeRTOS/Source/CMSIS_RTOS_V2/cmsis_os2.o
 .text.SVC_Setup
                0x0800673c       0x12 ./Middlewares/Third_Party/FreeRTOS/Source/CMSIS_RTOS_V2/cmsis_os2.o
 *fill*         0x0800674e        0x2 
 .text.osKernelInitialize
                0x08006750       0x48 ./Middlewares/Third_Party/FreeRTOS/Source/CMSIS_RTOS_V2/cmsis_os2.o
                0x08006750                osKernelInitialize
 .text.osKernelStart
                0x08006798       0x4c ./Middlewares/Third_Party/FreeRTOS/Source/CMSIS_RTOS_V2/cmsis_os2.o
                0x08006798                osKernelStart
 .text.osThreadNew
                0x080067e4      0x124 ./Middlewares/Third_Party/FreeRTOS/Source/CMSIS_RTOS_V2/cmsis_os2.o
                0x080067e4                osThreadNew
 .text.osDelay  0x08006908       0x36 ./Middlewares/Third_Party/FreeRTOS/Source/CMSIS_RTOS_V2/cmsis_os2.o
                0x08006908                osDelay
 .text.osMutexAcquire
                0x0800693e       0x96 ./Middlewares/Third_Party/FreeRTOS/Source/CMSIS_RTOS_V2/cmsis_os2.o
                0x0800693e                osMutexAcquire
 .text.osMutexRelease
                0x080069d4       0x7a ./Middlewares/Third_Party/FreeRTOS/Source/CMSIS_RTOS_V2/cmsis_os2.o
                0x080069d4                osMutexRelease
 *fill*         0x08006a4e        0x2 
 .text.vApplicationGetIdleTaskMemory
                0x08006a50       0x34 ./Middlewares/Third_Party/FreeRTOS/Source/CMSIS_RTOS_V2/cmsis_os2.o
                0x08006a50                vApplicationGetIdleTaskMemory
 .text.vApplicationGetTimerTaskMemory
                0x08006a84       0x34 ./Middlewares/Third_Party/FreeRTOS/Source/CMSIS_RTOS_V2/cmsis_os2.o
                0x08006a84                vApplicationGetTimerTaskMemory
 .text.vListInitialise
                0x08006ab8       0x40 ./Middlewares/Third_Party/FreeRTOS/Source/list.o
                0x08006ab8                vListInitialise
 .text.vListInitialiseItem
                0x08006af8       0x1a ./Middlewares/Third_Party/FreeRTOS/Source/list.o
                0x08006af8                vListInitialiseItem
 .text.vListInsertEnd
                0x08006b12       0x48 ./Middlewares/Third_Party/FreeRTOS/Source/list.o
                0x08006b12                vListInsertEnd
 .text.vListInsert
                0x08006b5a       0x72 ./Middlewares/Third_Party/FreeRTOS/Source/list.o
                0x08006b5a                vListInsert
 .text.uxListRemove
                0x08006bcc       0x54 ./Middlewares/Third_Party/FreeRTOS/Source/list.o
                0x08006bcc                uxListRemove
 .text.xQueueGenericReset
                0x08006c20       0xd4 ./Middlewares/Third_Party/FreeRTOS/Source/queue.o
                0x08006c20                xQueueGenericReset
 .text.xQueueGenericCreateStatic
                0x08006cf4       0xfa ./Middlewares/Third_Party/FreeRTOS/Source/queue.o
                0x08006cf4                xQueueGenericCreateStatic
 .text.prvInitialiseNewQueue
                0x08006dee       0x46 ./Middlewares/Third_Party/FreeRTOS/Source/queue.o
 .text.xQueueGiveMutexRecursive
                0x08006e34       0x6a ./Middlewares/Third_Party/FreeRTOS/Source/queue.o
                0x08006e34                xQueueGiveMutexRecursive
 .text.xQueueTakeMutexRecursive
                0x08006e9e       0x6e ./Middlewares/Third_Party/FreeRTOS/Source/queue.o
                0x08006e9e                xQueueTakeMutexRecursive
 .text.xQueueGenericSend
                0x08006f0c      0x204 ./Middlewares/Third_Party/FreeRTOS/Source/queue.o
                0x08006f0c                xQueueGenericSend
 .text.xQueueGenericSendFromISR
                0x08007110      0x13c ./Middlewares/Third_Party/FreeRTOS/Source/queue.o
                0x08007110                xQueueGenericSendFromISR
 .text.xQueueReceive
                0x0800724c      0x1c4 ./Middlewares/Third_Party/FreeRTOS/Source/queue.o
                0x0800724c                xQueueReceive
 .text.xQueueSemaphoreTake
                0x08007410      0x220 ./Middlewares/Third_Party/FreeRTOS/Source/queue.o
                0x08007410                xQueueSemaphoreTake
 .text.prvGetDisinheritPriorityAfterTimeout
                0x08007630       0x30 ./Middlewares/Third_Party/FreeRTOS/Source/queue.o
 .text.prvCopyDataToQueue
                0x08007660       0xd4 ./Middlewares/Third_Party/FreeRTOS/Source/queue.o
 .text.prvCopyDataFromQueue
                0x08007734       0x4c ./Middlewares/Third_Party/FreeRTOS/Source/queue.o
 .text.prvUnlockQueue
                0x08007780       0xa4 ./Middlewares/Third_Party/FreeRTOS/Source/queue.o
 .text.prvIsQueueEmpty
                0x08007824       0x2c ./Middlewares/Third_Party/FreeRTOS/Source/queue.o
 .text.prvIsQueueFull
                0x08007850       0x30 ./Middlewares/Third_Party/FreeRTOS/Source/queue.o
 .text.vQueueAddToRegistry
                0x08007880       0x54 ./Middlewares/Third_Party/FreeRTOS/Source/queue.o
                0x08007880                vQueueAddToRegistry
 .text.vQueueWaitForMessageRestricted
                0x080078d4       0x68 ./Middlewares/Third_Party/FreeRTOS/Source/queue.o
                0x080078d4                vQueueWaitForMessageRestricted
 .text.xTaskCreateStatic
                0x0800793c       0xc0 ./Middlewares/Third_Party/FreeRTOS/Source/tasks.o
                0x0800793c                xTaskCreateStatic
 .text.xTaskCreate
                0x080079fc       0x8a ./Middlewares/Third_Party/FreeRTOS/Source/tasks.o
                0x080079fc                xTaskCreate
 .text.prvInitialiseNewTask
                0x08007a86      0x120 ./Middlewares/Third_Party/FreeRTOS/Source/tasks.o
 *fill*         0x08007ba6        0x2 
 .text.prvAddNewTaskToReadyList
                0x08007ba8       0xe0 ./Middlewares/Third_Party/FreeRTOS/Source/tasks.o
 .text.vTaskDelay
                0x08007c88       0x6c ./Middlewares/Third_Party/FreeRTOS/Source/tasks.o
                0x08007c88                vTaskDelay
 .text.vTaskStartScheduler
                0x08007cf4       0xd0 ./Middlewares/Third_Party/FreeRTOS/Source/tasks.o
                0x08007cf4                vTaskStartScheduler
 .text.vTaskSuspendAll
                0x08007dc4       0x1c ./Middlewares/Third_Party/FreeRTOS/Source/tasks.o
                0x08007dc4                vTaskSuspendAll
 .text.xTaskResumeAll
                0x08007de0      0x13c ./Middlewares/Third_Party/FreeRTOS/Source/tasks.o
                0x08007de0                xTaskResumeAll
 .text.xTaskGetTickCount
                0x08007f1c       0x20 ./Middlewares/Third_Party/FreeRTOS/Source/tasks.o
                0x08007f1c                xTaskGetTickCount
 .text.xTaskIncrementTick
                0x08007f3c      0x174 ./Middlewares/Third_Party/FreeRTOS/Source/tasks.o
                0x08007f3c                xTaskIncrementTick
 .text.vTaskSwitchContext
                0x080080b0       0xbc ./Middlewares/Third_Party/FreeRTOS/Source/tasks.o
                0x080080b0                vTaskSwitchContext
 .text.vTaskPlaceOnEventList
                0x0800816c       0x4c ./Middlewares/Third_Party/FreeRTOS/Source/tasks.o
                0x0800816c                vTaskPlaceOnEventList
 .text.vTaskPlaceOnEventListRestricted
                0x080081b8       0x58 ./Middlewares/Third_Party/FreeRTOS/Source/tasks.o
                0x080081b8                vTaskPlaceOnEventListRestricted
 .text.xTaskRemoveFromEventList
                0x08008210       0xc8 ./Middlewares/Third_Party/FreeRTOS/Source/tasks.o
                0x08008210                xTaskRemoveFromEventList
 .text.vTaskInternalSetTimeOutState
                0x080082d8       0x2c ./Middlewares/Third_Party/FreeRTOS/Source/tasks.o
                0x080082d8                vTaskInternalSetTimeOutState
 .text.xTaskCheckForTimeOut
                0x08008304       0xc8 ./Middlewares/Third_Party/FreeRTOS/Source/tasks.o
                0x08008304                xTaskCheckForTimeOut
 .text.vTaskMissedYield
                0x080083cc       0x18 ./Middlewares/Third_Party/FreeRTOS/Source/tasks.o
                0x080083cc                vTaskMissedYield
 .text.prvIdleTask
                0x080083e4       0x30 ./Middlewares/Third_Party/FreeRTOS/Source/tasks.o
 .text.prvInitialiseTaskLists
                0x08008414       0x80 ./Middlewares/Third_Party/FreeRTOS/Source/tasks.o
 .text.prvCheckTasksWaitingTermination
                0x08008494       0x5c ./Middlewares/Third_Party/FreeRTOS/Source/tasks.o
 .text.prvDeleteTCB
                0x080084f0       0x60 ./Middlewares/Third_Party/FreeRTOS/Source/tasks.o
 .text.prvResetNextTaskUnblockTime
                0x08008550       0x40 ./Middlewares/Third_Party/FreeRTOS/Source/tasks.o
 .text.xTaskGetCurrentTaskHandle
                0x08008590       0x20 ./Middlewares/Third_Party/FreeRTOS/Source/tasks.o
                0x08008590                xTaskGetCurrentTaskHandle
 .text.xTaskGetSchedulerState
                0x080085b0       0x3c ./Middlewares/Third_Party/FreeRTOS/Source/tasks.o
                0x080085b0                xTaskGetSchedulerState
 .text.xTaskPriorityInherit
                0x080085ec       0xd0 ./Middlewares/Third_Party/FreeRTOS/Source/tasks.o
                0x080085ec                xTaskPriorityInherit
 .text.xTaskPriorityDisinherit
                0x080086bc       0xe0 ./Middlewares/Third_Party/FreeRTOS/Source/tasks.o
                0x080086bc                xTaskPriorityDisinherit
 .text.vTaskPriorityDisinheritAfterTimeout
                0x0800879c      0x108 ./Middlewares/Third_Party/FreeRTOS/Source/tasks.o
                0x0800879c                vTaskPriorityDisinheritAfterTimeout
 .text.pvTaskIncrementMutexHeldCount
                0x080088a4       0x28 ./Middlewares/Third_Party/FreeRTOS/Source/tasks.o
                0x080088a4                pvTaskIncrementMutexHeldCount
 .text.prvAddCurrentTaskToDelayedList
                0x080088cc       0xa8 ./Middlewares/Third_Party/FreeRTOS/Source/tasks.o
 .text.xTimerCreateTimerTask
                0x08008974       0x94 ./Middlewares/Third_Party/FreeRTOS/Source/timers.o
                0x08008974                xTimerCreateTimerTask
 .text.xTimerGenericCommand
                0x08008a08       0x9c ./Middlewares/Third_Party/FreeRTOS/Source/timers.o
                0x08008a08                xTimerGenericCommand
 .text.prvProcessExpiredTimer
                0x08008aa4       0x9c ./Middlewares/Third_Party/FreeRTOS/Source/timers.o
 .text.prvTimerTask
                0x08008b40       0x26 ./Middlewares/Third_Party/FreeRTOS/Source/timers.o
 *fill*         0x08008b66        0x2 
 .text.prvProcessTimerOrBlockTask
                0x08008b68       0x9c ./Middlewares/Third_Party/FreeRTOS/Source/timers.o
 .text.prvGetNextExpireTime
                0x08008c04       0x48 ./Middlewares/Third_Party/FreeRTOS/Source/timers.o
 .text.prvSampleTimeNow
                0x08008c4c       0x40 ./Middlewares/Third_Party/FreeRTOS/Source/timers.o
 .text.prvInsertTimerInActiveList
                0x08008c8c       0x84 ./Middlewares/Third_Party/FreeRTOS/Source/timers.o
 .text.prvProcessReceivedCommands
                0x08008d10      0x1cc ./Middlewares/Third_Party/FreeRTOS/Source/timers.o
 .text.prvSwitchTimerLists
                0x08008edc       0xcc ./Middlewares/Third_Party/FreeRTOS/Source/timers.o
 .text.prvCheckForValidListAndQueue
                0x08008fa8       0x80 ./Middlewares/Third_Party/FreeRTOS/Source/timers.o
 .text.pxPortInitialiseStack
                0x08009028       0x68 ./Middlewares/Third_Party/FreeRTOS/Source/portable/GCC/ARM_CM4F/port.o
                0x08009028                pxPortInitialiseStack
 .text.prvTaskExitError
                0x08009090       0x5c ./Middlewares/Third_Party/FreeRTOS/Source/portable/GCC/ARM_CM4F/port.o
 *fill*         0x080090ec        0x4 
 .text.SVC_Handler
                0x080090f0       0x28 ./Middlewares/Third_Party/FreeRTOS/Source/portable/GCC/ARM_CM4F/port.o
                0x080090f0                SVC_Handler
 .text.prvPortStartFirstTask
                0x08009118       0x28 ./Middlewares/Third_Party/FreeRTOS/Source/portable/GCC/ARM_CM4F/port.o
 .text.xPortStartScheduler
                0x08009140      0x148 ./Middlewares/Third_Party/FreeRTOS/Source/portable/GCC/ARM_CM4F/port.o
                0x08009140                xPortStartScheduler
 .text.vPortEnterCritical
                0x08009288       0x64 ./Middlewares/Third_Party/FreeRTOS/Source/portable/GCC/ARM_CM4F/port.o
                0x08009288                vPortEnterCritical
 .text.vPortExitCritical
                0x080092ec       0x54 ./Middlewares/Third_Party/FreeRTOS/Source/portable/GCC/ARM_CM4F/port.o
                0x080092ec                vPortExitCritical
 .text.PendSV_Handler
                0x08009340       0x68 ./Middlewares/Third_Party/FreeRTOS/Source/portable/GCC/ARM_CM4F/port.o
                0x08009340                PendSV_Handler
 .text.xPortSysTickHandler
                0x080093a8       0x44 ./Middlewares/Third_Party/FreeRTOS/Source/portable/GCC/ARM_CM4F/port.o
                0x080093a8                xPortSysTickHandler
 .text.vPortSetupTimerInterrupt
                0x080093ec       0x48 ./Middlewares/Third_Party/FreeRTOS/Source/portable/GCC/ARM_CM4F/port.o
                0x080093ec                vPortSetupTimerInterrupt
 .text.vPortEnableVFP
                0x08009434       0x14 ./Middlewares/Third_Party/FreeRTOS/Source/portable/GCC/ARM_CM4F/port.o
 .text.vPortValidateInterruptPriority
                0x08009448       0x84 ./Middlewares/Third_Party/FreeRTOS/Source/portable/GCC/ARM_CM4F/port.o
                0x08009448                vPortValidateInterruptPriority
 .text.pvPortMalloc
                0x080094cc      0x19c ./Middlewares/Third_Party/FreeRTOS/Source/portable/MemMang/heap_4.o
                0x080094cc                pvPortMalloc
 .text.vPortFree
                0x08009668       0xc8 ./Middlewares/Third_Party/FreeRTOS/Source/portable/MemMang/heap_4.o
                0x08009668                vPortFree
 .text.prvHeapInit
                0x08009730       0xc4 ./Middlewares/Third_Party/FreeRTOS/Source/portable/MemMang/heap_4.o
 .text.prvInsertBlockIntoFreeList
                0x080097f4       0xb4 ./Middlewares/Third_Party/FreeRTOS/Source/portable/MemMang/heap_4.o
 .text.sbrk_aligned
                0x080098a8       0x44 C:/ST/STM32CubeIDE_1.19.0/STM32CubeIDE/plugins/com.st.stm32cube.ide.mcu.externaltools.gnu-tools-for-stm32.13.3.rel1.win32_1.0.0.202411081344/tools/bin/../lib/gcc/arm-none-eabi/13.3.1/../../../../arm-none-eabi/lib/thumb/v7e-m+fp/hard\libc_nano.a(libc_a-mallocr.o)
 .text._malloc_r
                0x080098ec      0x100 C:/ST/STM32CubeIDE_1.19.0/STM32CubeIDE/plugins/com.st.stm32cube.ide.mcu.externaltools.gnu-tools-for-stm32.13.3.rel1.win32_1.0.0.202411081344/tools/bin/../lib/gcc/arm-none-eabi/13.3.1/../../../../arm-none-eabi/lib/thumb/v7e-m+fp/hard\libc_nano.a(libc_a-mallocr.o)
                0x080098ec                _malloc_r
 .text.__malloc_lock
                0x080099ec        0xc C:/ST/STM32CubeIDE_1.19.0/STM32CubeIDE/plugins/com.st.stm32cube.ide.mcu.externaltools.gnu-tools-for-stm32.13.3.rel1.win32_1.0.0.202411081344/tools/bin/../lib/gcc/arm-none-eabi/13.3.1/../../../../arm-none-eabi/lib/thumb/v7e-m+fp/hard\libc_nano.a(libc_a-mlock.o)
                0x080099ec                __malloc_lock
 .text.__malloc_unlock
                0x080099f8        0xc C:/ST/STM32CubeIDE_1.19.0/STM32CubeIDE/plugins/com.st.stm32cube.ide.mcu.externaltools.gnu-tools-for-stm32.13.3.rel1.win32_1.0.0.202411081344/tools/bin/../lib/gcc/arm-none-eabi/13.3.1/../../../../arm-none-eabi/lib/thumb/v7e-m+fp/hard\libc_nano.a(libc_a-mlock.o)
                0x080099f8                __malloc_unlock
 .text.std      0x08009a04       0x6c C:/ST/STM32CubeIDE_1.19.0/STM32CubeIDE/plugins/com.st.stm32cube.ide.mcu.externaltools.gnu-tools-for-stm32.13.3.rel1.win32_1.0.0.202411081344/tools/bin/../lib/gcc/arm-none-eabi/13.3.1/../../../../arm-none-eabi/lib/thumb/v7e-m+fp/hard\libc_nano.a(libc_a-findfp.o)
 .text.stdio_exit_handler
                0x08009a70       0x18 C:/ST/STM32CubeIDE_1.19.0/STM32CubeIDE/plugins/com.st.stm32cube.ide.mcu.externaltools.gnu-tools-for-stm32.13.3.rel1.win32_1.0.0.202411081344/tools/bin/../lib/gcc/arm-none-eabi/13.3.1/../../../../arm-none-eabi/lib/thumb/v7e-m+fp/hard\libc_nano.a(libc_a-findfp.o)
 .text.cleanup_stdio
                0x08009a88       0x40 C:/ST/STM32CubeIDE_1.19.0/STM32CubeIDE/plugins/com.st.stm32cube.ide.mcu.externaltools.gnu-tools-for-stm32.13.3.rel1.win32_1.0.0.202411081344/tools/bin/../lib/gcc/arm-none-eabi/13.3.1/../../../../arm-none-eabi/lib/thumb/v7e-m+fp/hard\libc_nano.a(libc_a-findfp.o)
 .text.global_stdio_init.part.0
                0x08009ac8       0x3c C:/ST/STM32CubeIDE_1.19.0/STM32CubeIDE/plugins/com.st.stm32cube.ide.mcu.externaltools.gnu-tools-for-stm32.13.3.rel1.win32_1.0.0.202411081344/tools/bin/../lib/gcc/arm-none-eabi/13.3.1/../../../../arm-none-eabi/lib/thumb/v7e-m+fp/hard\libc_nano.a(libc_a-findfp.o)
 .text.__sfp_lock_acquire
                0x08009b04        0xc C:/ST/STM32CubeIDE_1.19.0/STM32CubeIDE/plugins/com.st.stm32cube.ide.mcu.externaltools.gnu-tools-for-stm32.13.3.rel1.win32_1.0.0.202411081344/tools/bin/../lib/gcc/arm-none-eabi/13.3.1/../../../../arm-none-eabi/lib/thumb/v7e-m+fp/hard\libc_nano.a(libc_a-findfp.o)
                0x08009b04                __sfp_lock_acquire
 .text.__sfp_lock_release
                0x08009b10        0xc C:/ST/STM32CubeIDE_1.19.0/STM32CubeIDE/plugins/com.st.stm32cube.ide.mcu.externaltools.gnu-tools-for-stm32.13.3.rel1.win32_1.0.0.202411081344/tools/bin/../lib/gcc/arm-none-eabi/13.3.1/../../../../arm-none-eabi/lib/thumb/v7e-m+fp/hard\libc_nano.a(libc_a-findfp.o)
                0x08009b10                __sfp_lock_release
 .text.__sinit  0x08009b1c       0x30 C:/ST/STM32CubeIDE_1.19.0/STM32CubeIDE/plugins/com.st.stm32cube.ide.mcu.externaltools.gnu-tools-for-stm32.13.3.rel1.win32_1.0.0.202411081344/tools/bin/../lib/gcc/arm-none-eabi/13.3.1/../../../../arm-none-eabi/lib/thumb/v7e-m+fp/hard\libc_nano.a(libc_a-findfp.o)
                0x08009b1c                __sinit
 .text._fwalk_sglue
                0x08009b4c       0x3c C:/ST/STM32CubeIDE_1.19.0/STM32CubeIDE/plugins/com.st.stm32cube.ide.mcu.externaltools.gnu-tools-for-stm32.13.3.rel1.win32_1.0.0.202411081344/tools/bin/../lib/gcc/arm-none-eabi/13.3.1/../../../../arm-none-eabi/lib/thumb/v7e-m+fp/hard\libc_nano.a(libc_a-fwalk.o)
                0x08009b4c                _fwalk_sglue
 .text.printf   0x08009b88       0x24 C:/ST/STM32CubeIDE_1.19.0/STM32CubeIDE/plugins/com.st.stm32cube.ide.mcu.externaltools.gnu-tools-for-stm32.13.3.rel1.win32_1.0.0.202411081344/tools/bin/../lib/gcc/arm-none-eabi/13.3.1/../../../../arm-none-eabi/lib/thumb/v7e-m+fp/hard\libc_nano.a(libc_a-printf.o)
                0x08009b88                iprintf
                0x08009b88                printf
 .text._puts_r  0x08009bac       0xaa C:/ST/STM32CubeIDE_1.19.0/STM32CubeIDE/plugins/com.st.stm32cube.ide.mcu.externaltools.gnu-tools-for-stm32.13.3.rel1.win32_1.0.0.202411081344/tools/bin/../lib/gcc/arm-none-eabi/13.3.1/../../../../arm-none-eabi/lib/thumb/v7e-m+fp/hard\libc_nano.a(libc_a-puts.o)
                0x08009bac                _puts_r
 *fill*         0x08009c56        0x2 
 .text.puts     0x08009c58       0x10 C:/ST/STM32CubeIDE_1.19.0/STM32CubeIDE/plugins/com.st.stm32cube.ide.mcu.externaltools.gnu-tools-for-stm32.13.3.rel1.win32_1.0.0.202411081344/tools/bin/../lib/gcc/arm-none-eabi/13.3.1/../../../../arm-none-eabi/lib/thumb/v7e-m+fp/hard\libc_nano.a(libc_a-puts.o)
                0x08009c58                puts
 .text.__sread  0x08009c68       0x22 C:/ST/STM32CubeIDE_1.19.0/STM32CubeIDE/plugins/com.st.stm32cube.ide.mcu.externaltools.gnu-tools-for-stm32.13.3.rel1.win32_1.0.0.202411081344/tools/bin/../lib/gcc/arm-none-eabi/13.3.1/../../../../arm-none-eabi/lib/thumb/v7e-m+fp/hard\libc_nano.a(libc_a-stdio.o)
                0x08009c68                __sread
 .text.__swrite
                0x08009c8a       0x38 C:/ST/STM32CubeIDE_1.19.0/STM32CubeIDE/plugins/com.st.stm32cube.ide.mcu.externaltools.gnu-tools-for-stm32.13.3.rel1.win32_1.0.0.202411081344/tools/bin/../lib/gcc/arm-none-eabi/13.3.1/../../../../arm-none-eabi/lib/thumb/v7e-m+fp/hard\libc_nano.a(libc_a-stdio.o)
                0x08009c8a                __swrite
 .text.__sseek  0x08009cc2       0x24 C:/ST/STM32CubeIDE_1.19.0/STM32CubeIDE/plugins/com.st.stm32cube.ide.mcu.externaltools.gnu-tools-for-stm32.13.3.rel1.win32_1.0.0.202411081344/tools/bin/../lib/gcc/arm-none-eabi/13.3.1/../../../../arm-none-eabi/lib/thumb/v7e-m+fp/hard\libc_nano.a(libc_a-stdio.o)
                0x08009cc2                __sseek
 .text.__sclose
                0x08009ce6        0x8 C:/ST/STM32CubeIDE_1.19.0/STM32CubeIDE/plugins/com.st.stm32cube.ide.mcu.externaltools.gnu-tools-for-stm32.13.3.rel1.win32_1.0.0.202411081344/tools/bin/../lib/gcc/arm-none-eabi/13.3.1/../../../../arm-none-eabi/lib/thumb/v7e-m+fp/hard\libc_nano.a(libc_a-stdio.o)
                0x08009ce6                __sclose
 .text.__swbuf_r
                0x08009cee       0x7c C:/ST/STM32CubeIDE_1.19.0/STM32CubeIDE/plugins/com.st.stm32cube.ide.mcu.externaltools.gnu-tools-for-stm32.13.3.rel1.win32_1.0.0.202411081344/tools/bin/../lib/gcc/arm-none-eabi/13.3.1/../../../../arm-none-eabi/lib/thumb/v7e-m+fp/hard\libc_nano.a(libc_a-wbuf.o)
                0x08009cee                __swbuf_r
 *fill*         0x08009d6a        0x2 
 .text.__swsetup_r
                0x08009d6c       0xac C:/ST/STM32CubeIDE_1.19.0/STM32CubeIDE/plugins/com.st.stm32cube.ide.mcu.externaltools.gnu-tools-for-stm32.13.3.rel1.win32_1.0.0.202411081344/tools/bin/../lib/gcc/arm-none-eabi/13.3.1/../../../../arm-none-eabi/lib/thumb/v7e-m+fp/hard\libc_nano.a(libc_a-wsetup.o)
                0x08009d6c                __swsetup_r
 .text.memset   0x08009e18       0x10 C:/ST/STM32CubeIDE_1.19.0/STM32CubeIDE/plugins/com.st.stm32cube.ide.mcu.externaltools.gnu-tools-for-stm32.13.3.rel1.win32_1.0.0.202411081344/tools/bin/../lib/gcc/arm-none-eabi/13.3.1/../../../../arm-none-eabi/lib/thumb/v7e-m+fp/hard\libc_nano.a(libc_a-memset.o)
                0x08009e18                memset
 .text._close_r
                0x08009e28       0x20 C:/ST/STM32CubeIDE_1.19.0/STM32CubeIDE/plugins/com.st.stm32cube.ide.mcu.externaltools.gnu-tools-for-stm32.13.3.rel1.win32_1.0.0.202411081344/tools/bin/../lib/gcc/arm-none-eabi/13.3.1/../../../../arm-none-eabi/lib/thumb/v7e-m+fp/hard\libc_nano.a(libc_a-closer.o)
                0x08009e28                _close_r
 .text._lseek_r
                0x08009e48       0x24 C:/ST/STM32CubeIDE_1.19.0/STM32CubeIDE/plugins/com.st.stm32cube.ide.mcu.externaltools.gnu-tools-for-stm32.13.3.rel1.win32_1.0.0.202411081344/tools/bin/../lib/gcc/arm-none-eabi/13.3.1/../../../../arm-none-eabi/lib/thumb/v7e-m+fp/hard\libc_nano.a(libc_a-lseekr.o)
                0x08009e48                _lseek_r
 .text._read_r  0x08009e6c       0x24 C:/ST/STM32CubeIDE_1.19.0/STM32CubeIDE/plugins/com.st.stm32cube.ide.mcu.externaltools.gnu-tools-for-stm32.13.3.rel1.win32_1.0.0.202411081344/tools/bin/../lib/gcc/arm-none-eabi/13.3.1/../../../../arm-none-eabi/lib/thumb/v7e-m+fp/hard\libc_nano.a(libc_a-readr.o)
                0x08009e6c                _read_r
 .text._sbrk_r  0x08009e90       0x20 C:/ST/STM32CubeIDE_1.19.0/STM32CubeIDE/plugins/com.st.stm32cube.ide.mcu.externaltools.gnu-tools-for-stm32.13.3.rel1.win32_1.0.0.202411081344/tools/bin/../lib/gcc/arm-none-eabi/13.3.1/../../../../arm-none-eabi/lib/thumb/v7e-m+fp/hard\libc_nano.a(libc_a-sbrkr.o)
                0x08009e90                _sbrk_r
 .text._write_r
                0x08009eb0       0x24 C:/ST/STM32CubeIDE_1.19.0/STM32CubeIDE/plugins/com.st.stm32cube.ide.mcu.externaltools.gnu-tools-for-stm32.13.3.rel1.win32_1.0.0.202411081344/tools/bin/../lib/gcc/arm-none-eabi/13.3.1/../../../../arm-none-eabi/lib/thumb/v7e-m+fp/hard\libc_nano.a(libc_a-writer.o)
                0x08009eb0                _write_r
 .text.__errno  0x08009ed4        0xc C:/ST/STM32CubeIDE_1.19.0/STM32CubeIDE/plugins/com.st.stm32cube.ide.mcu.externaltools.gnu-tools-for-stm32.13.3.rel1.win32_1.0.0.202411081344/tools/bin/../lib/gcc/arm-none-eabi/13.3.1/../../../../arm-none-eabi/lib/thumb/v7e-m+fp/hard\libc_nano.a(libc_a-errno.o)
                0x08009ed4                __errno
 .text.__libc_init_array
                0x08009ee0       0x48 C:/ST/STM32CubeIDE_1.19.0/STM32CubeIDE/plugins/com.st.stm32cube.ide.mcu.externaltools.gnu-tools-for-stm32.13.3.rel1.win32_1.0.0.202411081344/tools/bin/../lib/gcc/arm-none-eabi/13.3.1/../../../../arm-none-eabi/lib/thumb/v7e-m+fp/hard\libc_nano.a(libc_a-init.o)
                0x08009ee0                __libc_init_array
 .text.__retarget_lock_init_recursive
                0x08009f28        0x2 C:/ST/STM32CubeIDE_1.19.0/STM32CubeIDE/plugins/com.st.stm32cube.ide.mcu.externaltools.gnu-tools-for-stm32.13.3.rel1.win32_1.0.0.202411081344/tools/bin/../lib/gcc/arm-none-eabi/13.3.1/../../../../arm-none-eabi/lib/thumb/v7e-m+fp/hard\libc_nano.a(libc_a-lock.o)
                0x08009f28                __retarget_lock_init_recursive
 .text.__retarget_lock_acquire_recursive
                0x08009f2a        0x2 C:/ST/STM32CubeIDE_1.19.0/STM32CubeIDE/plugins/com.st.stm32cube.ide.mcu.externaltools.gnu-tools-for-stm32.13.3.rel1.win32_1.0.0.202411081344/tools/bin/../lib/gcc/arm-none-eabi/13.3.1/../../../../arm-none-eabi/lib/thumb/v7e-m+fp/hard\libc_nano.a(libc_a-lock.o)
                0x08009f2a                __retarget_lock_acquire_recursive
 .text.__retarget_lock_release_recursive
                0x08009f2c        0x2 C:/ST/STM32CubeIDE_1.19.0/STM32CubeIDE/plugins/com.st.stm32cube.ide.mcu.externaltools.gnu-tools-for-stm32.13.3.rel1.win32_1.0.0.202411081344/tools/bin/../lib/gcc/arm-none-eabi/13.3.1/../../../../arm-none-eabi/lib/thumb/v7e-m+fp/hard\libc_nano.a(libc_a-lock.o)
                0x08009f2c                __retarget_lock_release_recursive
 .text.memcpy   0x08009f2e       0x1c C:/ST/STM32CubeIDE_1.19.0/STM32CubeIDE/plugins/com.st.stm32cube.ide.mcu.externaltools.gnu-tools-for-stm32.13.3.rel1.win32_1.0.0.202411081344/tools/bin/../lib/gcc/arm-none-eabi/13.3.1/../../../../arm-none-eabi/lib/thumb/v7e-m+fp/hard\libc_nano.a(libc_a-memcpy-stub.o)
                0x08009f2e                memcpy
 *fill*         0x08009f4a        0x2 
 .text._free_r  0x08009f4c       0x94 C:/ST/STM32CubeIDE_1.19.0/STM32CubeIDE/plugins/com.st.stm32cube.ide.mcu.externaltools.gnu-tools-for-stm32.13.3.rel1.win32_1.0.0.202411081344/tools/bin/../lib/gcc/arm-none-eabi/13.3.1/../../../../arm-none-eabi/lib/thumb/v7e-m+fp/hard\libc_nano.a(libc_a-freer.o)
                0x08009f4c                _free_r
 .text.__sfputc_r
                0x08009fe0       0x2e C:/ST/STM32CubeIDE_1.19.0/STM32CubeIDE/plugins/com.st.stm32cube.ide.mcu.externaltools.gnu-tools-for-stm32.13.3.rel1.win32_1.0.0.202411081344/tools/bin/../lib/gcc/arm-none-eabi/13.3.1/../../../../arm-none-eabi/lib/thumb/v7e-m+fp/hard\libc_nano.a(libc_a-nano-vfprintf.o)
 .text.__sfputs_r
                0x0800a00e       0x24 C:/ST/STM32CubeIDE_1.19.0/STM32CubeIDE/plugins/com.st.stm32cube.ide.mcu.externaltools.gnu-tools-for-stm32.13.3.rel1.win32_1.0.0.202411081344/tools/bin/../lib/gcc/arm-none-eabi/13.3.1/../../../../arm-none-eabi/lib/thumb/v7e-m+fp/hard\libc_nano.a(libc_a-nano-vfprintf.o)
                0x0800a00e                __sfputs_r
 *fill*         0x0800a032        0x2 
 .text._vfprintf_r
                0x0800a034      0x230 C:/ST/STM32CubeIDE_1.19.0/STM32CubeIDE/plugins/com.st.stm32cube.ide.mcu.externaltools.gnu-tools-for-stm32.13.3.rel1.win32_1.0.0.202411081344/tools/bin/../lib/gcc/arm-none-eabi/13.3.1/../../../../arm-none-eabi/lib/thumb/v7e-m+fp/hard\libc_nano.a(libc_a-nano-vfprintf.o)
                0x0800a034                _vfprintf_r
                0x0800a034                _vfiprintf_r
 .text._printf_common
                0x0800a264       0xda C:/ST/STM32CubeIDE_1.19.0/STM32CubeIDE/plugins/com.st.stm32cube.ide.mcu.externaltools.gnu-tools-for-stm32.13.3.rel1.win32_1.0.0.202411081344/tools/bin/../lib/gcc/arm-none-eabi/13.3.1/../../../../arm-none-eabi/lib/thumb/v7e-m+fp/hard\libc_nano.a(libc_a-nano-vfprintf_i.o)
                0x0800a264                _printf_common
 *fill*         0x0800a33e        0x2 
 .text._printf_i
                0x0800a340      0x23c C:/ST/STM32CubeIDE_1.19.0/STM32CubeIDE/plugins/com.st.stm32cube.ide.mcu.externaltools.gnu-tools-for-stm32.13.3.rel1.win32_1.0.0.202411081344/tools/bin/../lib/gcc/arm-none-eabi/13.3.1/../../../../arm-none-eabi/lib/thumb/v7e-m+fp/hard\libc_nano.a(libc_a-nano-vfprintf_i.o)
                0x0800a340                _printf_i
 .text.__sflush_r
                0x0800a57c      0x108 C:/ST/STM32CubeIDE_1.19.0/STM32CubeIDE/plugins/com.st.stm32cube.ide.mcu.externaltools.gnu-tools-for-stm32.13.3.rel1.win32_1.0.0.202411081344/tools/bin/../lib/gcc/arm-none-eabi/13.3.1/../../../../arm-none-eabi/lib/thumb/v7e-m+fp/hard\libc_nano.a(libc_a-fflush.o)
                0x0800a57c                __sflush_r
 .text._fflush_r
                0x0800a684       0x50 C:/ST/STM32CubeIDE_1.19.0/STM32CubeIDE/plugins/com.st.stm32cube.ide.mcu.externaltools.gnu-tools-for-stm32.13.3.rel1.win32_1.0.0.202411081344/tools/bin/../lib/gcc/arm-none-eabi/13.3.1/../../../../arm-none-eabi/lib/thumb/v7e-m+fp/hard\libc_nano.a(libc_a-fflush.o)
                0x0800a684                _fflush_r
 .text.__swhatbuf_r
                0x0800a6d4       0x4c C:/ST/STM32CubeIDE_1.19.0/STM32CubeIDE/plugins/com.st.stm32cube.ide.mcu.externaltools.gnu-tools-for-stm32.13.3.rel1.win32_1.0.0.202411081344/tools/bin/../lib/gcc/arm-none-eabi/13.3.1/../../../../arm-none-eabi/lib/thumb/v7e-m+fp/hard\libc_nano.a(libc_a-makebuf.o)
                0x0800a6d4                __swhatbuf_r
 .text.__smakebuf_r
                0x0800a720       0x78 C:/ST/STM32CubeIDE_1.19.0/STM32CubeIDE/plugins/com.st.stm32cube.ide.mcu.externaltools.gnu-tools-for-stm32.13.3.rel1.win32_1.0.0.202411081344/tools/bin/../lib/gcc/arm-none-eabi/13.3.1/../../../../arm-none-eabi/lib/thumb/v7e-m+fp/hard\libc_nano.a(libc_a-makebuf.o)
                0x0800a720                __smakebuf_r
 .text._fstat_r
                0x0800a798       0x24 C:/ST/STM32CubeIDE_1.19.0/STM32CubeIDE/plugins/com.st.stm32cube.ide.mcu.externaltools.gnu-tools-for-stm32.13.3.rel1.win32_1.0.0.202411081344/tools/bin/../lib/gcc/arm-none-eabi/13.3.1/../../../../arm-none-eabi/lib/thumb/v7e-m+fp/hard\libc_nano.a(libc_a-fstatr.o)
                0x0800a798                _fstat_r
 .text._isatty_r
                0x0800a7bc       0x20 C:/ST/STM32CubeIDE_1.19.0/STM32CubeIDE/plugins/com.st.stm32cube.ide.mcu.externaltools.gnu-tools-for-stm32.13.3.rel1.win32_1.0.0.202411081344/tools/bin/../lib/gcc/arm-none-eabi/13.3.1/../../../../arm-none-eabi/lib/thumb/v7e-m+fp/hard\libc_nano.a(libc_a-isattyr.o)
                0x0800a7bc                _isatty_r
 *(.glue_7)
 .glue_7        0x0800a7dc        0x0 linker stubs
 *(.glue_7t)
 .glue_7t       0x0800a7dc        0x0 linker stubs
 *(.eh_frame)
 .eh_frame      0x0800a7dc        0x0 C:/ST/STM32CubeIDE_1.19.0/STM32CubeIDE/plugins/com.st.stm32cube.ide.mcu.externaltools.gnu-tools-for-stm32.13.3.rel1.win32_1.0.0.202411081344/tools/bin/../lib/gcc/arm-none-eabi/13.3.1/thumb/v7e-m+fp/hard/crtbegin.o
 *(.init)
 .init          0x0800a7dc        0x4 C:/ST/STM32CubeIDE_1.19.0/STM32CubeIDE/plugins/com.st.stm32cube.ide.mcu.externaltools.gnu-tools-for-stm32.13.3.rel1.win32_1.0.0.202411081344/tools/bin/../lib/gcc/arm-none-eabi/13.3.1/thumb/v7e-m+fp/hard/crti.o
                0x0800a7dc                _init
 .init          0x0800a7e0        0x8 C:/ST/STM32CubeIDE_1.19.0/STM32CubeIDE/plugins/com.st.stm32cube.ide.mcu.externaltools.gnu-tools-for-stm32.13.3.rel1.win32_1.0.0.202411081344/tools/bin/../lib/gcc/arm-none-eabi/13.3.1/thumb/v7e-m+fp/hard/crtn.o
 *(.fini)
 .fini          0x0800a7e8        0x4 C:/ST/STM32CubeIDE_1.19.0/STM32CubeIDE/plugins/com.st.stm32cube.ide.mcu.externaltools.gnu-tools-for-stm32.13.3.rel1.win32_1.0.0.202411081344/tools/bin/../lib/gcc/arm-none-eabi/13.3.1/thumb/v7e-m+fp/hard/crti.o
                0x0800a7e8                _fini
 .fini          0x0800a7ec        0x8 C:/ST/STM32CubeIDE_1.19.0/STM32CubeIDE/plugins/com.st.stm32cube.ide.mcu.externaltools.gnu-tools-for-stm32.13.3.rel1.win32_1.0.0.202411081344/tools/bin/../lib/gcc/arm-none-eabi/13.3.1/thumb/v7e-m+fp/hard/crtn.o
                0x0800a7f4                        . = ALIGN (0x4)
                0x0800a7f4                        _etext = .

.vfp11_veneer   0x0800a7f4        0x0
 .vfp11_veneer  0x0800a7f4        0x0 linker stubs

.v4_bx          0x0800a7f4        0x0
 .v4_bx         0x0800a7f4        0x0 linker stubs

.iplt           0x0800a7f4        0x0
 .iplt          0x0800a7f4        0x0 C:/ST/STM32CubeIDE_1.19.0/STM32CubeIDE/plugins/com.st.stm32cube.ide.mcu.externaltools.gnu-tools-for-stm32.13.3.rel1.win32_1.0.0.202411081344/tools/bin/../lib/gcc/arm-none-eabi/13.3.1/thumb/v7e-m+fp/hard/crtbegin.o

.rodata         0x0800a7f4      0x3a4
                0x0800a7f4                        . = ALIGN (0x4)
 *(.rodata)
 .rodata        0x0800a7f4       0x90 ./Core/Src/BME680/bme68x.o
 .rodata        0x0800a884       0x30 ./Core/Src/PZEM004T/pzem004t.o
 .rodata        0x0800a8b4       0xc8 ./Core/Src/TASKS/energy_task.o
 .rodata        0x0800a97c       0x1d ./Core/Src/WIFI/esp8266.o
 *fill*         0x0800a999        0x3 
 .rodata        0x0800a99c       0x64 ./Core/Src/main.o
 .rodata        0x0800aa00        0x5 ./Middlewares/Third_Party/FreeRTOS/Source/tasks.o
 *fill*         0x0800aa05        0x3 
 .rodata        0x0800aa08        0xd ./Middlewares/Third_Party/FreeRTOS/Source/timers.o
 *(.rodata*)
 *fill*         0x0800aa15        0x3 
 .rodata.USER_Driver
                0x0800aa18       0x14 ./Core/Src/SD/user_diskio.o
                0x0800aa18                USER_Driver
 .rodata.defaultTask_attributes
                0x0800aa2c       0x24 ./Core/Src/main.o
                0x0800aa2c                defaultTask_attributes
 .rodata.SensorTask_attributes
                0x0800aa50       0x24 ./Core/Src/main.o
                0x0800aa50                SensorTask_attributes
 .rodata.DisplayTask_attributes
                0x0800aa74       0x24 ./Core/Src/main.o
                0x0800aa74                DisplayTask_attributes
 .rodata.WiFiTask_attributes
                0x0800aa98       0x24 ./Core/Src/main.o
                0x0800aa98                WiFiTask_attributes
 .rodata.RelayTask_attributes
                0x0800aabc       0x24 ./Core/Src/main.o
                0x0800aabc                RelayTask_attributes
 .rodata.EnergyTask_attributes
                0x0800aae0       0x24 ./Core/Src/main.o
                0x0800aae0                EnergyTask_attributes
 .rodata.SDLogTask_attributes
                0x0800ab04       0x24 ./Core/Src/main.o
                0x0800ab04                SDLogTask_attributes
 .rodata.SystemStatusTas_attributes
                0x0800ab28       0x24 ./Core/Src/main.o
                0x0800ab28                SystemStatusTas_attributes
 .rodata.AHBPrescTable
                0x0800ab4c       0x10 ./Core/Src/system_stm32f4xx.o
                0x0800ab4c                AHBPrescTable
 .rodata.APBPrescTable
                0x0800ab5c        0x8 ./Core/Src/system_stm32f4xx.o
                0x0800ab5c                APBPrescTable
 .rodata._vfprintf_r.str1.1
                0x0800ab64       0x33 C:/ST/STM32CubeIDE_1.19.0/STM32CubeIDE/plugins/com.st.stm32cube.ide.mcu.externaltools.gnu-tools-for-stm32.13.3.rel1.win32_1.0.0.202411081344/tools/bin/../lib/gcc/arm-none-eabi/13.3.1/../../../../arm-none-eabi/lib/thumb/v7e-m+fp/hard\libc_nano.a(libc_a-nano-vfprintf.o)
                                 0x11 (size before relaxing)
 .rodata._printf_i.str1.1
                0x0800ab97       0x22 C:/ST/STM32CubeIDE_1.19.0/STM32CubeIDE/plugins/com.st.stm32cube.ide.mcu.externaltools.gnu-tools-for-stm32.13.3.rel1.win32_1.0.0.202411081344/tools/bin/../lib/gcc/arm-none-eabi/13.3.1/../../../../arm-none-eabi/lib/thumb/v7e-m+fp/hard\libc_nano.a(libc_a-nano-vfprintf_i.o)
                0x0800abbc                        . = ALIGN (0x4)
 *fill*         0x0800ab97        0x1 

.ARM.extab      0x0800ab98        0x0
                0x0800ab98                        . = ALIGN (0x4)
 *(.ARM.extab* .gnu.linkonce.armextab.*)
                0x0800ab98                        . = ALIGN (0x4)

.ARM            0x0800ab98        0x8
                0x0800ab98                        . = ALIGN (0x4)
                0x0800ab98                        __exidx_start = .
 *(.ARM.exidx*)
 .ARM.exidx     0x0800ab98        0x8 C:/ST/STM32CubeIDE_1.19.0/STM32CubeIDE/plugins/com.st.stm32cube.ide.mcu.externaltools.gnu-tools-for-stm32.13.3.rel1.win32_1.0.0.202411081344/tools/bin/../lib/gcc/arm-none-eabi/13.3.1/../../../../arm-none-eabi/lib/thumb/v7e-m+fp/hard\libc_nano.a(libc_a-memchr.o)
 .ARM.exidx     0x0800aba0        0x0 C:/ST/STM32CubeIDE_1.19.0/STM32CubeIDE/plugins/com.st.stm32cube.ide.mcu.externaltools.gnu-tools-for-stm32.13.3.rel1.win32_1.0.0.202411081344/tools/bin/../lib/gcc/arm-none-eabi/13.3.1/thumb/v7e-m+fp/hard\libgcc.a(_udivmoddi4.o)
                                  0x8 (size before relaxing)
                0x0800aba0                        __exidx_end = .
                0x0800aba0                        . = ALIGN (0x4)

.preinit_array  0x0800aba0        0x0
                0x0800aba0                        . = ALIGN (0x4)
                0x0800aba0                        PROVIDE (__preinit_array_start = .)
 *(.preinit_array*)
                0x0800aba0                        PROVIDE (__preinit_array_end = .)
                0x0800aba0                        . = ALIGN (0x4)

.init_array     0x0800aba0        0x4
                0x0800aba0                        . = ALIGN (0x4)
                0x0800aba0                        PROVIDE (__init_array_start = .)
 *(SORT_BY_NAME(.init_array.*))
 *(.init_array*)
 .init_array    0x0800aba0        0x4 C:/ST/STM32CubeIDE_1.19.0/STM32CubeIDE/plugins/com.st.stm32cube.ide.mcu.externaltools.gnu-tools-for-stm32.13.3.rel1.win32_1.0.0.202411081344/tools/bin/../lib/gcc/arm-none-eabi/13.3.1/thumb/v7e-m+fp/hard/crtbegin.o
                0x0800aba4                        PROVIDE (__init_array_end = .)
                0x0800aba4                        . = ALIGN (0x4)

.fini_array     0x0800aba4        0x4
                0x0800aba4                        . = ALIGN (0x4)
                [!provide]                        PROVIDE (__fini_array_start = .)
 *(SORT_BY_NAME(.fini_array.*))
 *(.fini_array*)
 .fini_array    0x0800aba4        0x4 C:/ST/STM32CubeIDE_1.19.0/STM32CubeIDE/plugins/com.st.stm32cube.ide.mcu.externaltools.gnu-tools-for-stm32.13.3.rel1.win32_1.0.0.202411081344/tools/bin/../lib/gcc/arm-none-eabi/13.3.1/thumb/v7e-m+fp/hard/crtbegin.o
                [!provide]                        PROVIDE (__fini_array_end = .)
                0x0800aba8                        . = ALIGN (0x4)
                0x0800aba8                        _sidata = LOADADDR (.data)

.rel.dyn        0x0800aba8        0x0
 .rel.iplt      0x0800aba8        0x0 C:/ST/STM32CubeIDE_1.19.0/STM32CubeIDE/plugins/com.st.stm32cube.ide.mcu.externaltools.gnu-tools-for-stm32.13.3.rel1.win32_1.0.0.202411081344/tools/bin/../lib/gcc/arm-none-eabi/13.3.1/thumb/v7e-m+fp/hard/crtbegin.o

.data           0x20000000       0x70 load address 0x0800aba8
                0x20000000                        . = ALIGN (0x4)
                0x20000000                        _sdata = .
 *(.data)
 *(.data*)
 .data.Stat     0x20000000        0x1 ./Core/Src/SD/user_diskio.o
 *fill*         0x20000001        0x3 
 .data.SystemCoreClock
                0x20000004        0x4 ./Core/Src/system_stm32f4xx.o
                0x20000004                SystemCoreClock
 .data.uwTickPrio
                0x20000008        0x4 ./Drivers/STM32F4xx_HAL_Driver/Src/stm32f4xx_hal.o
                0x20000008                uwTickPrio
 .data.uwTickFreq
                0x2000000c        0x1 ./Drivers/STM32F4xx_HAL_Driver/Src/stm32f4xx_hal.o
                0x2000000c                uwTickFreq
 *fill*         0x2000000d        0x3 
 .data.uxCriticalNesting
                0x20000010        0x4 ./Middlewares/Third_Party/FreeRTOS/Source/portable/GCC/ARM_CM4F/port.o
 .data.__sglue  0x20000014        0xc C:/ST/STM32CubeIDE_1.19.0/STM32CubeIDE/plugins/com.st.stm32cube.ide.mcu.externaltools.gnu-tools-for-stm32.13.3.rel1.win32_1.0.0.202411081344/tools/bin/../lib/gcc/arm-none-eabi/13.3.1/../../../../arm-none-eabi/lib/thumb/v7e-m+fp/hard\libc_nano.a(libc_a-findfp.o)
                0x20000014                __sglue
 .data._impure_ptr
                0x20000020        0x4 C:/ST/STM32CubeIDE_1.19.0/STM32CubeIDE/plugins/com.st.stm32cube.ide.mcu.externaltools.gnu-tools-for-stm32.13.3.rel1.win32_1.0.0.202411081344/tools/bin/../lib/gcc/arm-none-eabi/13.3.1/../../../../arm-none-eabi/lib/thumb/v7e-m+fp/hard\libc_nano.a(libc_a-impure.o)
                0x20000020                _impure_ptr
 .data._impure_data
                0x20000024       0x4c C:/ST/STM32CubeIDE_1.19.0/STM32CubeIDE/plugins/com.st.stm32cube.ide.mcu.externaltools.gnu-tools-for-stm32.13.3.rel1.win32_1.0.0.202411081344/tools/bin/../lib/gcc/arm-none-eabi/13.3.1/../../../../arm-none-eabi/lib/thumb/v7e-m+fp/hard\libc_nano.a(libc_a-impure.o)
                0x20000024                _impure_data
 *(.RamFunc)
 *(.RamFunc*)
                0x20000070                        . = ALIGN (0x4)
                0x20000070                        _edata = .

.igot.plt       0x20000070        0x0 load address 0x0800ac18
 .igot.plt      0x20000070        0x0 C:/ST/STM32CubeIDE_1.19.0/STM32CubeIDE/plugins/com.st.stm32cube.ide.mcu.externaltools.gnu-tools-for-stm32.13.3.rel1.win32_1.0.0.202411081344/tools/bin/../lib/gcc/arm-none-eabi/13.3.1/thumb/v7e-m+fp/hard/crtbegin.o
                0x20000070                        . = ALIGN (0x4)

.bss            0x20000070     0x514c load address 0x0800ac18
                0x20000070                        _sbss = .
                0x20000070                        __bss_start__ = _sbss
 *(.bss)
 .bss           0x20000070       0x1c C:/ST/STM32CubeIDE_1.19.0/STM32CubeIDE/plugins/com.st.stm32cube.ide.mcu.externaltools.gnu-tools-for-stm32.13.3.rel1.win32_1.0.0.202411081344/tools/bin/../lib/gcc/arm-none-eabi/13.3.1/thumb/v7e-m+fp/hard/crtbegin.o
 *(.bss*)
 .bss.gas_sensor
                0x2000008c       0x50 ./Core/Src/BME680/bme680_app.o
                0x2000008c                gas_sensor
 .bss.rxBuffer  0x200000dc        0x7 ./Core/Src/PZEM004T/pzem004t.o
 *fill*         0x200000e3        0x1 
 .bss.SSD1306_Buffer
                0x200000e4      0x400 ./Core/Src/SSD1306/ssd1306.o
 .bss.SSD1306_CurrentX
                0x200004e4        0x1 ./Core/Src/SSD1306/ssd1306.o
 .bss.SSD1306_CurrentY
                0x200004e5        0x1 ./Core/Src/SSD1306/ssd1306.o
 *fill*         0x200004e6        0x2 
 .bss.shared_data
                0x200004e8       0x40 ./Core/Src/TASKS/shared_data.o
                0x200004e8                shared_data
 .bss.g_temperature
                0x20000528        0x4 ./Core/Src/TASKS/shared_data.o
                0x20000528                g_temperature
 .bss.g_humidity
                0x2000052c        0x4 ./Core/Src/TASKS/shared_data.o
                0x2000052c                g_humidity
 .bss.esp_uart  0x20000530        0x4 ./Core/Src/WIFI/esp8266.o
                0x20000530                esp_uart
 .bss.hi2c1     0x20000534       0x54 ./Core/Src/main.o
                0x20000534                hi2c1
 .bss.hi2c2     0x20000588       0x54 ./Core/Src/main.o
                0x20000588                hi2c2
 .bss.hrtc      0x200005dc       0x20 ./Core/Src/main.o
                0x200005dc                hrtc
 .bss.hspi2     0x200005fc       0x58 ./Core/Src/main.o
                0x200005fc                hspi2
 .bss.huart2    0x20000654       0x48 ./Core/Src/main.o
                0x20000654                huart2
 .bss.huart6    0x2000069c       0x48 ./Core/Src/main.o
                0x2000069c                huart6
 .bss.defaultTaskHandle
                0x200006e4        0x4 ./Core/Src/main.o
                0x200006e4                defaultTaskHandle
 .bss.SensorTaskHandle
                0x200006e8        0x4 ./Core/Src/main.o
                0x200006e8                SensorTaskHandle
 .bss.DisplayTaskHandle
                0x200006ec        0x4 ./Core/Src/main.o
                0x200006ec                DisplayTaskHandle
 .bss.WiFiTaskHandle
                0x200006f0        0x4 ./Core/Src/main.o
                0x200006f0                WiFiTaskHandle
 .bss.RelayTaskHandle
                0x200006f4        0x4 ./Core/Src/main.o
                0x200006f4                RelayTaskHandle
 .bss.EnergyTaskHandle
                0x200006f8        0x4 ./Core/Src/main.o
                0x200006f8                EnergyTaskHandle
 .bss.SDLogTaskHandle
                0x200006fc        0x4 ./Core/Src/main.o
                0x200006fc                SDLogTaskHandle
 .bss.SystemStatusTasHandle
                0x20000700        0x4 ./Core/Src/main.o
                0x20000700                SystemStatusTasHandle
 .bss.__sbrk_heap_end
                0x20000704        0x4 ./Core/Src/sysmem.o
 .bss.uwTick    0x20000708        0x4 ./Drivers/STM32F4xx_HAL_Driver/Src/stm32f4xx_hal.o
                0x20000708                uwTick
 .bss.retUSER   0x2000070c        0x1 ./FATFS/App/fatfs.o
                0x2000070c                retUSER
 *fill*         0x2000070d        0x3 
 .bss.USERPath  0x20000710        0x4 ./FATFS/App/fatfs.o
                0x20000710                USERPath
 .bss.disk      0x20000714        0xc ./Middlewares/Third_Party/FatFs/src/ff_gen_drv.o
                0x20000714                disk
 .bss.KernelState
                0x20000720        0x4 ./Middlewares/Third_Party/FreeRTOS/Source/CMSIS_RTOS_V2/cmsis_os2.o
 .bss.Idle_TCB.3
                0x20000724       0x5c ./Middlewares/Third_Party/FreeRTOS/Source/CMSIS_RTOS_V2/cmsis_os2.o
 .bss.Idle_Stack.2
                0x20000780      0x200 ./Middlewares/Third_Party/FreeRTOS/Source/CMSIS_RTOS_V2/cmsis_os2.o
 .bss.Timer_TCB.1
                0x20000980       0x5c ./Middlewares/Third_Party/FreeRTOS/Source/CMSIS_RTOS_V2/cmsis_os2.o
 .bss.Timer_Stack.0
                0x200009dc      0x400 ./Middlewares/Third_Party/FreeRTOS/Source/CMSIS_RTOS_V2/cmsis_os2.o
 .bss.xQueueRegistry
                0x20000ddc       0x40 ./Middlewares/Third_Party/FreeRTOS/Source/queue.o
                0x20000ddc                xQueueRegistry
 .bss.pxCurrentTCB
                0x20000e1c        0x4 ./Middlewares/Third_Party/FreeRTOS/Source/tasks.o
                0x20000e1c                pxCurrentTCB
 .bss.pxReadyTasksLists
                0x20000e20      0x460 ./Middlewares/Third_Party/FreeRTOS/Source/tasks.o
 .bss.xDelayedTaskList1
                0x20001280       0x14 ./Middlewares/Third_Party/FreeRTOS/Source/tasks.o
 .bss.xDelayedTaskList2
                0x20001294       0x14 ./Middlewares/Third_Party/FreeRTOS/Source/tasks.o
 .bss.pxDelayedTaskList
                0x200012a8        0x4 ./Middlewares/Third_Party/FreeRTOS/Source/tasks.o
 .bss.pxOverflowDelayedTaskList
                0x200012ac        0x4 ./Middlewares/Third_Party/FreeRTOS/Source/tasks.o
 .bss.xPendingReadyList
                0x200012b0       0x14 ./Middlewares/Third_Party/FreeRTOS/Source/tasks.o
 .bss.xTasksWaitingTermination
                0x200012c4       0x14 ./Middlewares/Third_Party/FreeRTOS/Source/tasks.o
 .bss.uxDeletedTasksWaitingCleanUp
                0x200012d8        0x4 ./Middlewares/Third_Party/FreeRTOS/Source/tasks.o
 .bss.xSuspendedTaskList
                0x200012dc       0x14 ./Middlewares/Third_Party/FreeRTOS/Source/tasks.o
 .bss.uxCurrentNumberOfTasks
                0x200012f0        0x4 ./Middlewares/Third_Party/FreeRTOS/Source/tasks.o
 .bss.xTickCount
                0x200012f4        0x4 ./Middlewares/Third_Party/FreeRTOS/Source/tasks.o
 .bss.uxTopReadyPriority
                0x200012f8        0x4 ./Middlewares/Third_Party/FreeRTOS/Source/tasks.o
 .bss.xSchedulerRunning
                0x200012fc        0x4 ./Middlewares/Third_Party/FreeRTOS/Source/tasks.o
 .bss.xPendedTicks
                0x20001300        0x4 ./Middlewares/Third_Party/FreeRTOS/Source/tasks.o
 .bss.xYieldPending
                0x20001304        0x4 ./Middlewares/Third_Party/FreeRTOS/Source/tasks.o
 .bss.xNumOfOverflows
                0x20001308        0x4 ./Middlewares/Third_Party/FreeRTOS/Source/tasks.o
 .bss.uxTaskNumber
                0x2000130c        0x4 ./Middlewares/Third_Party/FreeRTOS/Source/tasks.o
 .bss.xNextTaskUnblockTime
                0x20001310        0x4 ./Middlewares/Third_Party/FreeRTOS/Source/tasks.o
 .bss.xIdleTaskHandle
                0x20001314        0x4 ./Middlewares/Third_Party/FreeRTOS/Source/tasks.o
 .bss.uxSchedulerSuspended
                0x20001318        0x4 ./Middlewares/Third_Party/FreeRTOS/Source/tasks.o
 .bss.xActiveTimerList1
                0x2000131c       0x14 ./Middlewares/Third_Party/FreeRTOS/Source/timers.o
 .bss.xActiveTimerList2
                0x20001330       0x14 ./Middlewares/Third_Party/FreeRTOS/Source/timers.o
 .bss.pxCurrentTimerList
                0x20001344        0x4 ./Middlewares/Third_Party/FreeRTOS/Source/timers.o
 .bss.pxOverflowTimerList
                0x20001348        0x4 ./Middlewares/Third_Party/FreeRTOS/Source/timers.o
 .bss.xTimerQueue
                0x2000134c        0x4 ./Middlewares/Third_Party/FreeRTOS/Source/timers.o
 .bss.xTimerTaskHandle
                0x20001350        0x4 ./Middlewares/Third_Party/FreeRTOS/Source/timers.o
 .bss.xLastTime.2
                0x20001354        0x4 ./Middlewares/Third_Party/FreeRTOS/Source/timers.o
 .bss.ucStaticTimerQueueStorage.1
                0x20001358       0xa0 ./Middlewares/Third_Party/FreeRTOS/Source/timers.o
 .bss.xStaticTimerQueue.0
                0x200013f8       0x50 ./Middlewares/Third_Party/FreeRTOS/Source/timers.o
 .bss.ucMaxSysCallPriority
                0x20001448        0x1 ./Middlewares/Third_Party/FreeRTOS/Source/portable/GCC/ARM_CM4F/port.o
 *fill*         0x20001449        0x3 
 .bss.ulMaxPRIGROUPValue
                0x2000144c        0x4 ./Middlewares/Third_Party/FreeRTOS/Source/portable/GCC/ARM_CM4F/port.o
 .bss.ucHeap    0x20001450     0x3c00 ./Middlewares/Third_Party/FreeRTOS/Source/portable/MemMang/heap_4.o
 .bss.xStart    0x20005050        0x8 ./Middlewares/Third_Party/FreeRTOS/Source/portable/MemMang/heap_4.o
 .bss.pxEnd     0x20005058        0x4 ./Middlewares/Third_Party/FreeRTOS/Source/portable/MemMang/heap_4.o
 .bss.xFreeBytesRemaining
                0x2000505c        0x4 ./Middlewares/Third_Party/FreeRTOS/Source/portable/MemMang/heap_4.o
 .bss.xMinimumEverFreeBytesRemaining
                0x20005060        0x4 ./Middlewares/Third_Party/FreeRTOS/Source/portable/MemMang/heap_4.o
 .bss.xNumberOfSuccessfulAllocations
                0x20005064        0x4 ./Middlewares/Third_Party/FreeRTOS/Source/portable/MemMang/heap_4.o
 .bss.xNumberOfSuccessfulFrees
                0x20005068        0x4 ./Middlewares/Third_Party/FreeRTOS/Source/portable/MemMang/heap_4.o
 .bss.xBlockAllocatedBit
                0x2000506c        0x4 ./Middlewares/Third_Party/FreeRTOS/Source/portable/MemMang/heap_4.o
 .bss.__malloc_sbrk_start
                0x20005070        0x4 C:/ST/STM32CubeIDE_1.19.0/STM32CubeIDE/plugins/com.st.stm32cube.ide.mcu.externaltools.gnu-tools-for-stm32.13.3.rel1.win32_1.0.0.202411081344/tools/bin/../lib/gcc/arm-none-eabi/13.3.1/../../../../arm-none-eabi/lib/thumb/v7e-m+fp/hard\libc_nano.a(libc_a-mallocr.o)
                0x20005070                __malloc_sbrk_start
 .bss.__malloc_free_list
                0x20005074        0x4 C:/ST/STM32CubeIDE_1.19.0/STM32CubeIDE/plugins/com.st.stm32cube.ide.mcu.externaltools.gnu-tools-for-stm32.13.3.rel1.win32_1.0.0.202411081344/tools/bin/../lib/gcc/arm-none-eabi/13.3.1/../../../../arm-none-eabi/lib/thumb/v7e-m+fp/hard\libc_nano.a(libc_a-mallocr.o)
                0x20005074                __malloc_free_list
 .bss.__sf      0x20005078      0x138 C:/ST/STM32CubeIDE_1.19.0/STM32CubeIDE/plugins/com.st.stm32cube.ide.mcu.externaltools.gnu-tools-for-stm32.13.3.rel1.win32_1.0.0.202411081344/tools/bin/../lib/gcc/arm-none-eabi/13.3.1/../../../../arm-none-eabi/lib/thumb/v7e-m+fp/hard\libc_nano.a(libc_a-findfp.o)
                0x20005078                __sf
 .bss.__stdio_exit_handler
                0x200051b0        0x4 C:/ST/STM32CubeIDE_1.19.0/STM32CubeIDE/plugins/com.st.stm32cube.ide.mcu.externaltools.gnu-tools-for-stm32.13.3.rel1.win32_1.0.0.202411081344/tools/bin/../lib/gcc/arm-none-eabi/13.3.1/../../../../arm-none-eabi/lib/thumb/v7e-m+fp/hard\libc_nano.a(libc_a-findfp.o)
                0x200051b0                __stdio_exit_handler
 .bss.errno     0x200051b4        0x4 C:/ST/STM32CubeIDE_1.19.0/STM32CubeIDE/plugins/com.st.stm32cube.ide.mcu.externaltools.gnu-tools-for-stm32.13.3.rel1.win32_1.0.0.202411081344/tools/bin/../lib/gcc/arm-none-eabi/13.3.1/../../../../arm-none-eabi/lib/thumb/v7e-m+fp/hard\libc_nano.a(libc_a-reent.o)
                0x200051b4                errno
 .bss.__lock___malloc_recursive_mutex
                0x200051b8        0x1 C:/ST/STM32CubeIDE_1.19.0/STM32CubeIDE/plugins/com.st.stm32cube.ide.mcu.externaltools.gnu-tools-for-stm32.13.3.rel1.win32_1.0.0.202411081344/tools/bin/../lib/gcc/arm-none-eabi/13.3.1/../../../../arm-none-eabi/lib/thumb/v7e-m+fp/hard\libc_nano.a(libc_a-lock.o)
                0x200051b8                __lock___malloc_recursive_mutex
 .bss.__lock___sfp_recursive_mutex
                0x200051b9        0x1 C:/ST/STM32CubeIDE_1.19.0/STM32CubeIDE/plugins/com.st.stm32cube.ide.mcu.externaltools.gnu-tools-for-stm32.13.3.rel1.win32_1.0.0.202411081344/tools/bin/../lib/gcc/arm-none-eabi/13.3.1/../../../../arm-none-eabi/lib/thumb/v7e-m+fp/hard\libc_nano.a(libc_a-lock.o)
                0x200051b9                __lock___sfp_recursive_mutex
 *(COMMON)
                0x200051bc                        . = ALIGN (0x4)
 *fill*         0x200051ba        0x2 
                0x200051bc                        _ebss = .
                0x200051bc                        __bss_end__ = _ebss

._user_heap_stack
                0x200051bc      0x604 load address 0x0800ac18
                0x200051c0                        . = ALIGN (0x8)
 *fill*         0x200051bc        0x4 
                [!provide]                        PROVIDE (end = .)
                0x200051c0                        PROVIDE (_end = .)
                0x200053c0                        . = (. + _Min_Heap_Size)
 *fill*         0x200051c0      0x200 
                0x200057c0                        . = (. + _Min_Stack_Size)
 *fill*         0x200053c0      0x400 
                0x200057c0                        . = ALIGN (0x8)

/DISCARD/
 libc.a(*)
 libm.a(*)
 libgcc.a(*)

.ARM.attributes
                0x00000000       0x30
 *(.ARM.attributes)
 .ARM.attributes
                0x00000000       0x22 C:/ST/STM32CubeIDE_1.19.0/STM32CubeIDE/plugins/com.st.stm32cube.ide.mcu.externaltools.gnu-tools-for-stm32.13.3.rel1.win32_1.0.0.202411081344/tools/bin/../lib/gcc/arm-none-eabi/13.3.1/thumb/v7e-m+fp/hard/crti.o
 .ARM.attributes
                0x00000022       0x34 C:/ST/STM32CubeIDE_1.19.0/STM32CubeIDE/plugins/com.st.stm32cube.ide.mcu.externaltools.gnu-tools-for-stm32.13.3.rel1.win32_1.0.0.202411081344/tools/bin/../lib/gcc/arm-none-eabi/13.3.1/thumb/v7e-m+fp/hard/crtbegin.o
 .ARM.attributes
                0x00000056       0x34 ./Core/Src/BME680/bme680_app.o
 .ARM.attributes
                0x0000008a       0x34 ./Core/Src/BME680/bme680_user.o
 .ARM.attributes
                0x000000be       0x34 ./Core/Src/BME680/bme68x.o
 .ARM.attributes
                0x000000f2       0x34 ./Core/Src/PZEM004T/pzem004t.o
 .ARM.attributes
                0x00000126       0x34 ./Core/Src/RELAY/relay_control.o
 .ARM.attributes
                0x0000015a       0x34 ./Core/Src/SD/user_diskio.o
 .ARM.attributes
                0x0000018e       0x34 ./Core/Src/SSD1306/ssd1306.o
 .ARM.attributes
                0x000001c2       0x34 ./Core/Src/TASKS/energy_task.o
 .ARM.attributes
                0x000001f6       0x34 ./Core/Src/TASKS/sensor_task.o
 .ARM.attributes
                0x0000022a       0x34 ./Core/Src/TASKS/shared_data.o
 .ARM.attributes
                0x0000025e       0x34 ./Core/Src/WIFI/esp8266.o
 .ARM.attributes
                0x00000292       0x34 ./Core/Src/main.o
 .ARM.attributes
                0x000002c6       0x34 ./Core/Src/stm32f4xx_hal_msp.o
 .ARM.attributes
                0x000002fa       0x34 ./Core/Src/stm32f4xx_it.o
 .ARM.attributes
                0x0000032e       0x34 ./Core/Src/syscalls.o
 .ARM.attributes
                0x00000362       0x34 ./Core/Src/sysmem.o
 .ARM.attributes
                0x00000396       0x34 ./Core/Src/system_stm32f4xx.o
 .ARM.attributes
                0x000003ca       0x21 ./Core/Startup/startup_stm32f446retx.o
 .ARM.attributes
                0x000003eb       0x34 ./Drivers/STM32F4xx_HAL_Driver/Src/stm32f4xx_hal.o
 .ARM.attributes
                0x0000041f       0x34 ./Drivers/STM32F4xx_HAL_Driver/Src/stm32f4xx_hal_cortex.o
 .ARM.attributes
                0x00000453       0x34 ./Drivers/STM32F4xx_HAL_Driver/Src/stm32f4xx_hal_gpio.o
 .ARM.attributes
                0x00000487       0x34 ./Drivers/STM32F4xx_HAL_Driver/Src/stm32f4xx_hal_i2c.o
 .ARM.attributes
                0x000004bb       0x34 ./Drivers/STM32F4xx_HAL_Driver/Src/stm32f4xx_hal_rcc.o
 .ARM.attributes
                0x000004ef       0x34 ./Drivers/STM32F4xx_HAL_Driver/Src/stm32f4xx_hal_rcc_ex.o
 .ARM.attributes
                0x00000523       0x34 ./Drivers/STM32F4xx_HAL_Driver/Src/stm32f4xx_hal_rtc.o
 .ARM.attributes
                0x00000557       0x34 ./Drivers/STM32F4xx_HAL_Driver/Src/stm32f4xx_hal_spi.o
 .ARM.attributes
                0x0000058b       0x34 ./Drivers/STM32F4xx_HAL_Driver/Src/stm32f4xx_hal_uart.o
 .ARM.attributes
                0x000005bf       0x34 ./FATFS/App/fatfs.o
 .ARM.attributes
                0x000005f3       0x34 ./Middlewares/Third_Party/FatFs/src/ff_gen_drv.o
 .ARM.attributes
                0x00000627       0x34 ./Middlewares/Third_Party/FreeRTOS/Source/CMSIS_RTOS_V2/cmsis_os2.o
 .ARM.attributes
                0x0000065b       0x34 ./Middlewares/Third_Party/FreeRTOS/Source/list.o
 .ARM.attributes